../Core/Src/led.c:18:6:button0_toggle	48	static
../Core/Src/led.c:42:6:led_main	8	static
../Core/Src/led.c:72:6:button0_led_all_on_off_toggle	8	static
../Core/Src/led.c:91:6:flower_on	24	static
../Core/Src/led.c:115:6:flower_off	24	static
../Core/Src/led.c:137:6:keepon_up	16	static
../Core/Src/led.c:147:6:keepon_down	16	static
../Core/Src/led.c:157:6:led_on_up	16	static
../Core/Src/led.c:169:6:led_on_down	16	static
../Core/Src/led.c:179:6:led_all_on	8	static
../Core/Src/led.c:185:6:led_all_off	8	static
