Archive member included to satisfy reference by file (symbol)

c:/st/stm32cubeide_1.12.0/stm32cubeide/plugins/com.st.stm32cube.ide.mcu.externaltools.gnu-tools-for-stm32.10.3-2021.10.win32_1.0.200.202301161003/tools/bin/../lib/gcc/arm-none-eabi/10.3.1/../../../../arm-none-eabi/lib/thumb/v7e-m+fp/hard\libc_nano.a(lib_a-atoi.o)
                              ./Core/Src/internal_rtc.o (atoi)
c:/st/stm32cubeide_1.12.0/stm32cubeide/plugins/com.st.stm32cube.ide.mcu.externaltools.gnu-tools-for-stm32.10.3-2021.10.win32_1.0.200.202301161003/tools/bin/../lib/gcc/arm-none-eabi/10.3.1/../../../../arm-none-eabi/lib/thumb/v7e-m+fp/hard\libc_nano.a(lib_a-errno.o)
                              ./Core/Src/syscalls.o (__errno)
c:/st/stm32cubeide_1.12.0/stm32cubeide/plugins/com.st.stm32cube.ide.mcu.externaltools.gnu-tools-for-stm32.10.3-2021.10.win32_1.0.200.202301161003/tools/bin/../lib/gcc/arm-none-eabi/10.3.1/../../../../arm-none-eabi/lib/thumb/v7e-m+fp/hard\libc_nano.a(lib_a-exit.o)
                              c:/st/stm32cubeide_1.12.0/stm32cubeide/plugins/com.st.stm32cube.ide.mcu.externaltools.gnu-tools-for-stm32.10.3-2021.10.win32_1.0.200.202301161003/tools/bin/../lib/gcc/arm-none-eabi/10.3.1/../../../../arm-none-eabi/lib/thumb/v7e-m+fp/hard/crt0.o (exit)
c:/st/stm32cubeide_1.12.0/stm32cubeide/plugins/com.st.stm32cube.ide.mcu.externaltools.gnu-tools-for-stm32.10.3-2021.10.win32_1.0.200.202301161003/tools/bin/../lib/gcc/arm-none-eabi/10.3.1/../../../../arm-none-eabi/lib/thumb/v7e-m+fp/hard\libc_nano.a(lib_a-impure.o)
                              c:/st/stm32cubeide_1.12.0/stm32cubeide/plugins/com.st.stm32cube.ide.mcu.externaltools.gnu-tools-for-stm32.10.3-2021.10.win32_1.0.200.202301161003/tools/bin/../lib/gcc/arm-none-eabi/10.3.1/../../../../arm-none-eabi/lib/thumb/v7e-m+fp/hard\libc_nano.a(lib_a-exit.o) (_global_impure_ptr)
c:/st/stm32cubeide_1.12.0/stm32cubeide/plugins/com.st.stm32cube.ide.mcu.externaltools.gnu-tools-for-stm32.10.3-2021.10.win32_1.0.200.202301161003/tools/bin/../lib/gcc/arm-none-eabi/10.3.1/../../../../arm-none-eabi/lib/thumb/v7e-m+fp/hard\libc_nano.a(lib_a-init.o)
                              c:/st/stm32cubeide_1.12.0/stm32cubeide/plugins/com.st.stm32cube.ide.mcu.externaltools.gnu-tools-for-stm32.10.3-2021.10.win32_1.0.200.202301161003/tools/bin/../lib/gcc/arm-none-eabi/10.3.1/../../../../arm-none-eabi/lib/thumb/v7e-m+fp/hard/crt0.o (__libc_init_array)
c:/st/stm32cubeide_1.12.0/stm32cubeide/plugins/com.st.stm32cube.ide.mcu.externaltools.gnu-tools-for-stm32.10.3-2021.10.win32_1.0.200.202301161003/tools/bin/../lib/gcc/arm-none-eabi/10.3.1/../../../../arm-none-eabi/lib/thumb/v7e-m+fp/hard\libc_nano.a(lib_a-memset.o)
                              c:/st/stm32cubeide_1.12.0/stm32cubeide/plugins/com.st.stm32cube.ide.mcu.externaltools.gnu-tools-for-stm32.10.3-2021.10.win32_1.0.200.202301161003/tools/bin/../lib/gcc/arm-none-eabi/10.3.1/../../../../arm-none-eabi/lib/thumb/v7e-m+fp/hard/crt0.o (memset)
c:/st/stm32cubeide_1.12.0/stm32cubeide/plugins/com.st.stm32cube.ide.mcu.externaltools.gnu-tools-for-stm32.10.3-2021.10.win32_1.0.200.202301161003/tools/bin/../lib/gcc/arm-none-eabi/10.3.1/../../../../arm-none-eabi/lib/thumb/v7e-m+fp/hard\libc_nano.a(lib_a-printf.o)
                              ./Core/Src/DHT11.o (printf)
c:/st/stm32cubeide_1.12.0/stm32cubeide/plugins/com.st.stm32cube.ide.mcu.externaltools.gnu-tools-for-stm32.10.3-2021.10.win32_1.0.200.202301161003/tools/bin/../lib/gcc/arm-none-eabi/10.3.1/../../../../arm-none-eabi/lib/thumb/v7e-m+fp/hard\libc_nano.a(lib_a-puts.o)
                              ./Core/Src/main.o (puts)
c:/st/stm32cubeide_1.12.0/stm32cubeide/plugins/com.st.stm32cube.ide.mcu.externaltools.gnu-tools-for-stm32.10.3-2021.10.win32_1.0.200.202301161003/tools/bin/../lib/gcc/arm-none-eabi/10.3.1/../../../../arm-none-eabi/lib/thumb/v7e-m+fp/hard\libc_nano.a(lib_a-sprintf.o)
                              ./Core/Src/DHT11.o (sprintf)
c:/st/stm32cubeide_1.12.0/stm32cubeide/plugins/com.st.stm32cube.ide.mcu.externaltools.gnu-tools-for-stm32.10.3-2021.10.win32_1.0.200.202301161003/tools/bin/../lib/gcc/arm-none-eabi/10.3.1/../../../../arm-none-eabi/lib/thumb/v7e-m+fp/hard\libc_nano.a(lib_a-strncmp.o)
                              ./Core/Src/uart.o (strncmp)
c:/st/stm32cubeide_1.12.0/stm32cubeide/plugins/com.st.stm32cube.ide.mcu.externaltools.gnu-tools-for-stm32.10.3-2021.10.win32_1.0.200.202301161003/tools/bin/../lib/gcc/arm-none-eabi/10.3.1/../../../../arm-none-eabi/lib/thumb/v7e-m+fp/hard\libc_nano.a(lib_a-strncpy.o)
                              ./Core/Src/internal_rtc.o (strncpy)
c:/st/stm32cubeide_1.12.0/stm32cubeide/plugins/com.st.stm32cube.ide.mcu.externaltools.gnu-tools-for-stm32.10.3-2021.10.win32_1.0.200.202301161003/tools/bin/../lib/gcc/arm-none-eabi/10.3.1/../../../../arm-none-eabi/lib/thumb/v7e-m+fp/hard\libc_nano.a(lib_a-strtol.o)
[...]
Memory Configuration

Name             Origin             Length             Attributes
CCMRAM           0x0000000010000000 0x0000000000010000 xrw
RAM              0x0000000020000000 0x0000000000030000 xrw
FLASH            0x0000000008000000 0x0000000000200000 xr
*default*        0x0000000000000000 0xffffffffffffffff

Linker script and memory map

LOAD c:/st/stm32cubeide_1.12.0/stm32cubeide/plugins/com.st.stm32cube.ide.mcu.externaltools.gnu-tools-for-stm32.10.3-2021.10.win32_1.0.200.202301161003/tools/bin/../lib/gcc/arm-none-eabi/10.3.1/thumb/v7e-m+fp/hard/crti.o
LOAD c:/st/stm32cubeide_1.12.0/stm32cubeide/plugins/com.st.stm32cube.ide.mcu.externaltools.gnu-tools-for-stm32.10.3-2021.10.win32_1.0.200.202301161003/tools/bin/../lib/gcc/arm-none-eabi/10.3.1/thumb/v7e-m+fp/hard/crtbegin.o
LOAD c:/st/stm32cubeide_1.12.0/stm32cubeide/plugins/com.st.stm32cube.ide.mcu.externaltools.gnu-tools-for-stm32.10.3-2021.10.win32_1.0.200.202301161003/tools/bin/../lib/gcc/arm-none-eabi/10.3.1/../../../../arm-none-eabi/lib/thumb/v7e-m+fp/hard/crt0.o
LOAD ./Core/Src/DHT11.o
LOAD ./Core/Src/button.o
LOAD ./Core/Src/dcmotor.o
LOAD ./Core/Src/i2c_lcd.o
LOAD ./Core/Src/internal_rtc.o
LOAD ./Core/Src/led.o
LOAD ./Core/Src/main.o
LOAD ./Core/Src/servomotor.o
LOAD ./Core/Src/stm32f4xx_hal_msp.o
LOAD ./Core/Src/stm32f4xx_it.o
LOAD ./Core/Src/syscalls.o
LOAD ./Core/Src/sysmem.o
LOAD ./Core/Src/system_stm32f4xx.o
LOAD ./Core/Src/uart.o
LOAD ./Core/Src/ultrasonic.o
LOAD ./Core/Startup/startup_stm32f429zitx.o
LOAD ./Drivers/STM32F4xx_HAL_Driver/Src/stm32f4xx_hal.o
LOAD ./Drivers/STM32F4xx_HAL_Driver/Src/stm32f4xx_hal_cortex.o
LOAD ./Drivers/STM32F4xx_HAL_Driver/Src/stm32f4xx_hal_dma.o
LOAD ./Drivers/STM32F4xx_HAL_Driver/Src/stm32f4xx_hal_dma_ex.o
LOAD ./Drivers/STM32F4xx_HAL_Driver/Src/stm32f4xx_hal_eth.o
LOAD ./Drivers/STM32F4xx_HAL_Driver/Src/stm32f4xx_hal_exti.o
LOAD ./Drivers/STM32F4xx_HAL_Driver/Src/stm32f4xx_hal_flash.o
LOAD ./Drivers/STM32F4xx_HAL_Driver/Src/stm32f4xx_hal_flash_ex.o
LOAD ./Drivers/STM32F4xx_HAL_Driver/Src/stm32f4xx_hal_flash_ramfunc.o
LOAD ./Drivers/STM32F4xx_HAL_Driver/Src/stm32f4xx_hal_gpio.o
LOAD ./Drivers/STM32F4xx_HAL_Driver/Src/stm32f4xx_hal_i2c.o
LOAD ./Drivers/STM32F4xx_HAL_Driver/Src/stm32f4xx_hal_i2c_ex.o
LOAD ./Drivers/STM32F4xx_HAL_Driver/Src/stm32f4xx_hal_pcd.o
LOAD ./Drivers/STM32F4xx_HAL_Driver/Src/stm32f4xx_hal_pcd_ex.o
LOAD ./Drivers/STM32F4xx_HAL_Driver/Src/stm32f4xx_hal_pwr.o
LOAD ./Drivers/STM32F4xx_HAL_Driver/Src/stm32f4xx_hal_pwr_ex.o
LOAD ./Drivers/STM32F4xx_HAL_Driver/Src/stm32f4xx_hal_rcc.o
LOAD ./Drivers/STM32F4xx_HAL_Driver/Src/stm32f4xx_hal_rcc_ex.o
LOAD ./Drivers/STM32F4xx_HAL_Driver/Src/stm32f4xx_hal_rtc.o
LOAD ./Drivers/STM32F4xx_HAL_Driver/Src/stm32f4xx_hal_rtc_ex.o
LOAD ./Drivers/STM32F4xx_HAL_Driver/Src/stm32f4xx_hal_tim.o
LOAD ./Drivers/STM32F4xx_HAL_Driver/Src/stm32f4xx_hal_tim_ex.o
LOAD ./Drivers/STM32F4xx_HAL_Driver/Src/stm32f4xx_hal_uart.o
LOAD ./Drivers/STM32F4xx_HAL_Driver/Src/stm32f4xx_ll_usb.o
START GROUP
LOAD c:/st/stm32cubeide_1.12.0/stm32cubeide/plugins/com.st.stm32cube.ide.mcu.externaltools.gnu-tools-for-stm32.10.3-2021.10.win32_1.0.200.202301161003/tools/bin/../lib/gcc/arm-none-eabi/10.3.1/../../../../arm-none-eabi/lib/thumb/v7e-m+fp/hard\libc_nano.a
LOAD c:/st/stm32cubeide_1.12.0/stm32cubeide/plugins/com.st.stm32cube.ide.mcu.externaltools.gnu-tools-for-stm32.10.3-2021.10.win32_1.0.200.202301161003/tools/bin/../lib/gcc/arm-none-eabi/10.3.1/../../../../arm-none-eabi/lib/thumb/v7e-m+fp/hard\libm.a
END GROUP
START GROUP
LOAD c:/st/stm32cubeide_1.12.0/stm32cubeide/plugins/com.st.stm32cube.ide.mcu.externaltools.gnu-tools-for-stm32.10.3-2021.10.win32_1.0.200.202301161003/tools/bin/../lib/gcc/arm-none-eabi/10.3.1/thumb/v7e-m+fp/hard\libgcc.a
LOAD c:/st/stm32cubeide_1.12.0/stm32cubeide/plugins/com.st.stm32cube.ide.mcu.externaltools.gnu-tools-for-stm32.10.3-2021.10.win32_1.0.200.202301161003/tools/bin/../lib/gcc/arm-none-eabi/10.3.1/../../../../arm-none-eabi/lib/thumb/v7e-m+fp/hard\libc_nano.a
END GROUP
START GROUP
LOAD c:/st/stm32cubeide_1.12.0/stm32cubeide/plugins/com.st.stm32cube.ide.mcu.externaltools.gnu-tools-for-stm32.10.3-2021.10.win32_1.0.200.202301161003/tools/bin/../lib/gcc/arm-none-eabi/10.3.1/thumb/v7e-m+fp/hard\libgcc.a
LOAD c:/st/stm32cubeide_1.12.0/stm32cubeide/plugins/com.st.stm32cube.ide.mcu.externaltools.gnu-tools-for-stm32.10.3-2021.10.win32_1.0.200.202301161003/tools/bin/../lib/gcc/arm-none-eabi/10.3.1/../../../../arm-none-eabi/lib/thumb/v7e-m+fp/hard\libc_nano.a
LOAD c:/st/stm32cubeide_1.12.0/stm32cubeide/plugins/com.st.stm32cube.ide.mcu.externaltools.gnu-tools-for-stm32.10.3-2021.10.win32_1.0.200.202301161003/tools/bin/../lib/gcc/arm-none-eabi/10.3.1/../../../../arm-none-eabi/lib/thumb/v7e-m+fp/hard\libnosys.a
END GROUP
START GROUP
LOAD c:/st/stm32cubeide_1.12.0/stm32cubeide/plugins/com.st.stm32cube.ide.mcu.externaltools.gnu-tools-for-stm32.10.3-2021.10.win32_1.0.200.202301161003/tools/bin/../lib/gcc/arm-none-eabi/10.3.1/thumb/v7e-m+fp/hard\libgcc.a
LOAD c:/st/stm32cubeide_1.12.0/stm32cubeide/plugins/com.st.stm32cube.ide.mcu.externaltools.gnu-tools-for-stm32.10.3-2021.10.win32_1.0.200.202301161003/tools/bin/../lib/gcc/arm-none-eabi/10.3.1/../../../../arm-none-eabi/lib/thumb/v7e-m+fp/hard\libc_nano.a
LOAD c:/st/stm32cubeide_1.12.0/stm32cubeide/plugins/com.st.stm32cube.ide.mcu.externaltools.gnu-tools-for-stm32.10.3-2021.10.win32_1.0.200.202301161003/tools/bin/../lib/gcc/arm-none-eabi/10.3.1/../../../../arm-none-eabi/lib/thumb/v7e-m+fp/hard\libnosys.a
END GROUP
LOAD c:/st/stm32cubeide_1.12.0/stm32cubeide/plugins/com.st.stm32cube.ide.mcu.externaltools.gnu-tools-for-stm32.10.3-2021.10.win32_1.0.200.202301161003/tools/bin/../lib/gcc/arm-none-eabi/10.3.1/thumb/v7e-m+fp/hard/crtend.o
LOAD c:/st/stm32cubeide_1.12.0/stm32cubeide/plugins/com.st.stm32cube.ide.mcu.externaltools.gnu-tools-for-stm32.10.3-2021.10.win32_1.0.200.202301161003/tools/bin/../lib/gcc/arm-none-eabi/10.3.1/thumb/v7e-m+fp/hard/crtn.o
                0x0000000020030000                _estack = (ORIGIN (RAM) + LENGTH (RAM))
                0x0000000000000200                _Min_Heap_Size = 0x200
                0x0000000000000400                _Min_Stack_Size = 0x400

.isr_vector     0x0000000008000000      0x1ac
                0x0000000008000000                . = ALIGN (0x4)
 *(.isr_vector)
 .isr_vector    0x0000000008000000      0x1ac ./Core/Startup/startup_stm32f429zitx.o
                0x0000000008000000                g_pfnVectors
                0x00000000080001ac                . = ALIGN (0x4)

.text           0x00000000080001b0     0xa8e0
                0x00000000080001b0                . = ALIGN (0x4)
 *(.text)
 .text          0x00000000080001b0       0x40 c:/st/stm32cubeide_1.12.0/stm32cubeide/plugins/com.st.stm32cube.ide.mcu.externaltools.gnu-tools-for-stm32.10.3-2021.10.win32_1.0.200.202301161003/tools/bin/../lib/gcc/arm-none-eabi/10.3.1/thumb/v7e-m+fp/hard/crtbegin.o
 .text          0x00000000080001f0       0xa0 c:/st/stm32cubeide_1.12.0/stm32cubeide/plugins/com.st.stm32cube.ide.mcu.externaltools.gnu-tools-for-stm32.10.3-2021.10.win32_1.0.200.202301161003/tools/bin/../lib/gcc/arm-none-eabi/10.3.1/../../../../arm-none-eabi/lib/thumb/v7e-m+fp/hard\libc_nano.a(lib_a-memchr.o)
                0x00000000080001f0                memchr
 .text          0x0000000008000290      0x378 c:/st/stm32cubeide_1.12.0/stm32cubeide/plugins/com.st.stm32cube.ide.mcu.externaltools.gnu-tools-for-stm32.10.3-2021.10.win32_1.0.200.202301161003/tools/bin/../lib/gcc/arm-none-eabi/10.3.1/thumb/v7e-m+fp/hard\libgcc.a(_arm_addsubdf3.o)
                0x0000000008000290                __aeabi_drsub
                0x0000000008000298                __aeabi_dsub
                0x0000000008000298                __subdf3
                0x000000000800029c                __aeabi_dadd
                0x000000000800029c                __adddf3
                0x0000000008000514                __floatunsidf
                0x0000000008000514                __aeabi_ui2d
                0x0000000008000534                __floatsidf
                0x0000000008000534                __aeabi_i2d
                0x0000000008000558                __aeabi_f2d
                0x0000000008000558                __extendsfdf2
                0x000000000800059c                __floatundidf
                0x000000000800059c                __aeabi_ul2d
                0x00000000080005ac                __floatdidf
                0x00000000080005ac                __aeabi_l2d
 .text          0x0000000008000608      0x424 c:/st/stm32cubeide_1.12.0/stm32cubeide/plugins/com.st.stm32cube.ide.mcu.externaltools.gnu-tools-for-stm32.10.3-2021.10.win32_1.0.200.202301161003/tools/bin/../lib/gcc/arm-none-eabi/10.3.1/thumb/v7e-m+fp/hard\libgcc.a(_arm_muldivdf3.o)
                0x0000000008000608                __aeabi_dmul
                0x0000000008000608                __muldf3
                0x000000000800085c                __divdf3
                0x000000000800085c                __aeabi_ddiv
 .text          0x0000000008000a2c       0x50 c:/st/stm32cubeide_1.12.0/stm32cubeide/plugins/com.st.stm32cube.ide.mcu.externaltools.gnu-tools-for-stm32.10.3-2021.10.win32_1.0.200.202301161003/tools/bin/../lib/gcc/arm-none-eabi/10.3.1/thumb/v7e-m+fp/hard\libgcc.a(_arm_fixdfsi.o)
                0x0000000008000a2c                __aeabi_d2iz
                0x0000000008000a2c                __fixdfsi
 .text          0x0000000008000a7c       0x30 c:/st/stm32cubeide_1.12.0/stm32cubeide/plugins/com.st.stm32cube.ide.mcu.externaltools.gnu-tools-for-stm32.10.3-2021.10.win32_1.0.200.202301161003/tools/bin/../lib/gcc/arm-none-eabi/10.3.1/thumb/v7e-m+fp/hard\libgcc.a(_aeabi_uldivmod.o)
                0x0000000008000a7c                __aeabi_uldivmod
 .text          0x0000000008000aac      0x2d0 c:/st/stm32cubeide_1.12.0/stm32cubeide/plugins/com.st.stm32cube.ide.mcu.externaltools.gnu-tools-for-stm32.10.3-2021.10.win32_1.0.200.202301161003/tools/bin/../lib/gcc/arm-none-eabi/10.3.1/thumb/v7e-m+fp/hard\libgcc.a(_udivmoddi4.o)
                0x0000000008000aac                __udivmoddi4
 .text          0x0000000008000d7c        0x4 c:/st/stm32cubeide_1.12.0/stm32cubeide/plugins/com.st.stm32cube.ide.mcu.externaltools.gnu-tools-for-stm32.10.3-2021.10.win32_1.0.200.202301161003/tools/bin/../lib/gcc/arm-none-eabi/10.3.1/thumb/v7e-m+fp/hard\libgcc.a(_dvmd_tls.o)
                0x0000000008000d7c                __aeabi_idiv0
                0x0000000008000d7c                __aeabi_ldiv0
 *(.text*)
 .text.DHT11_processing
                0x0000000008000d80       0xdc ./Core/Src/DHT11.o
                0x0000000008000d80                DHT11_processing
 .text.DHT11_Init
                0x0000000008000e5c       0x20 ./Core/Src/DHT11.o
                0x0000000008000e5c                DHT11_Init
 .text.DHT11_trriger
                0x0000000008000e7c       0x2c ./Core/Src/DHT11.o
                0x0000000008000e7c                DHT11_trriger
 .text.DHT11_DataLine_Input
                0x0000000008000ea8       0x38 ./Core/Src/DHT11.o
                0x0000000008000ea8                DHT11_DataLine_Input
 .text.DHT11_DataLine_Output
                0x0000000008000ee0       0x3c ./Core/Src/DHT11.o
                0x0000000008000ee0                DHT11_DataLine_Output
 .text.DHT11_rx_Data
                0x0000000008000f1c       0x6c ./Core/Src/DHT11.o
                0x0000000008000f1c                DHT11_rx_Data
 .text.DHT11_dumi_read
                0x0000000008000f88       0x3c ./Core/Src/DHT11.o
                0x0000000008000f88                DHT11_dumi_read
 .text.lcd_display_mode_select
                0x0000000008000fc4       0x54 ./Core/Src/button.o
                0x0000000008000fc4                lcd_display_mode_select
 .text.get_button
                0x0000000008001018       0x70 ./Core/Src/button.o
                0x0000000008001018                get_button
 .text.lcd_command
                0x0000000008001088       0x68 ./Core/Src/i2c_lcd.o
                0x0000000008001088                lcd_command
 .text.lcd_data
                0x00000000080010f0       0x68 ./Core/Src/i2c_lcd.o
                0x00000000080010f0                lcd_data
 .text.i2c_lcd_init
                0x0000000008001158       0x32 ./Core/Src/i2c_lcd.o
                0x0000000008001158                i2c_lcd_init
 .text.lcd_string
                0x000000000800118a       0x2a ./Core/Src/i2c_lcd.o
                0x000000000800118a                lcd_string
 .text.move_cursor
                0x00000000080011b4       0x30 ./Core/Src/i2c_lcd.o
                0x00000000080011b4                move_cursor
 .text.bin2dec  0x00000000080011e4       0x36 ./Core/Src/internal_rtc.o
                0x00000000080011e4                bin2dec
 *fill*         0x000000000800121a        0x2 
 .text.dec2bin  0x000000000800121c       0x48 ./Core/Src/internal_rtc.o
                0x000000000800121c                dec2bin
 .text.get_rtc  0x0000000008001264      0x158 ./Core/Src/internal_rtc.o
                0x0000000008001264                get_rtc
 .text.set_rtc  0x00000000080013bc      0x144 ./Core/Src/internal_rtc.o
                0x00000000080013bc                set_rtc
 .text.set_time_button_b1
                0x0000000008001500      0x2a8 ./Core/Src/internal_rtc.o
                0x0000000008001500                set_time_button_b1
 .text.flower_on
                0x00000000080017a8       0x70 ./Core/Src/led.o
                0x00000000080017a8                flower_on
 .text.flower_off
                0x0000000008001818       0x6c ./Core/Src/led.o
                0x0000000008001818                flower_off
 .text.keepon_up
                0x0000000008001884       0x4c ./Core/Src/led.o
                0x0000000008001884                keepon_up
 .text.keepon_down
                0x00000000080018d0       0x50 ./Core/Src/led.o
                0x00000000080018d0                keepon_down
 .text.led_on_up
                0x0000000008001920       0x50 ./Core/Src/led.o
                0x0000000008001920                led_on_up
 .text.led_on_down
                0x0000000008001970       0x50 ./Core/Src/led.o
                0x0000000008001970                led_on_down
 .text.led_all_on
                0x00000000080019c0       0x18 ./Core/Src/led.o
                0x00000000080019c0                led_all_on
 .text.led_all_off
                0x00000000080019d8       0x18 ./Core/Src/led.o
                0x00000000080019d8                led_all_off
 .text.HAL_SYSTICK_Handler
                0x00000000080019f0       0x1c ./Core/Src/main.o
                0x00000000080019f0                HAL_SYSTICK_Handler
 .text.HAL_TIM_PeriodElapsedCallback
                0x0000000008001a0c       0x40 ./Core/Src/main.o
                0x0000000008001a0c                HAL_TIM_PeriodElapsedCallback
 .text.delay_us
                0x0000000008001a4c       0x30 ./Core/Src/main.o
                0x0000000008001a4c                delay_us
 .text.__io_putchar
                0x0000000008001a7c       0x24 ./Core/Src/main.o
                0x0000000008001a7c                __io_putchar
 .text.main     0x0000000008001aa0       0xd4 ./Core/Src/main.o
                0x0000000008001aa0                main
 .text.SystemClock_Config
                0x0000000008001b74       0xd8 ./Core/Src/main.o
                0x0000000008001b74                SystemClock_Config
 .text.MX_ETH_Init
                0x0000000008001c4c       0x9c ./Core/Src/main.o
 .text.MX_I2C1_Init
                0x0000000008001ce8       0x80 ./Core/Src/main.o
 .text.MX_RTC_Init
                0x0000000008001d68       0xb4 ./Core/Src/main.o
 .text.MX_TIM2_Init
                0x0000000008001e1c       0xb4 ./Core/Src/main.o
 .text.MX_TIM3_Init
                0x0000000008001ed0       0xe0 ./Core/Src/main.o
 .text.MX_TIM4_Init
                0x0000000008001fb0       0xec ./Core/Src/main.o
 .text.MX_TIM10_Init
                0x000000000800209c       0x48 ./Core/Src/main.o
 .text.MX_TIM11_Init
                0x00000000080020e4       0x48 ./Core/Src/main.o
 .text.MX_USART3_UART_Init
                0x000000000800212c       0x54 ./Core/Src/main.o
 .text.MX_USART6_UART_Init
                0x0000000008002180       0x54 ./Core/Src/main.o
 .text.MX_USB_OTG_FS_PCD_Init
                0x00000000080021d4       0x5c ./Core/Src/main.o
 .text.MX_GPIO_Init
                0x0000000008002230      0x25c ./Core/Src/main.o
 .text.Error_Handler
                0x000000000800248c        0xa ./Core/Src/main.o
                0x000000000800248c                Error_Handler
 *fill*         0x0000000008002496        0x2 
 .text.HAL_MspInit
                0x0000000008002498       0x50 ./Core/Src/stm32f4xx_hal_msp.o
                0x0000000008002498                HAL_MspInit
 .text.HAL_ETH_MspInit
                0x00000000080024e8      0x18c ./Core/Src/stm32f4xx_hal_msp.o
                0x00000000080024e8                HAL_ETH_MspInit
 .text.HAL_I2C_MspInit
                0x0000000008002674       0x90 ./Core/Src/stm32f4xx_hal_msp.o
                0x0000000008002674                HAL_I2C_MspInit
 .text.HAL_RTC_MspInit
                0x0000000008002704       0x54 ./Core/Src/stm32f4xx_hal_msp.o
                0x0000000008002704                HAL_RTC_MspInit
 .text.HAL_TIM_PWM_MspInit
                0x0000000008002758       0x4c ./Core/Src/stm32f4xx_hal_msp.o
                0x0000000008002758                HAL_TIM_PWM_MspInit
 .text.HAL_TIM_Base_MspInit
                0x00000000080027a4      0x154 ./Core/Src/stm32f4xx_hal_msp.o
                0x00000000080027a4                HAL_TIM_Base_MspInit
 .text.HAL_TIM_MspPostInit
                0x00000000080028f8       0xc0 ./Core/Src/stm32f4xx_hal_msp.o
                0x00000000080028f8                HAL_TIM_MspPostInit
 .text.HAL_UART_MspInit
                0x00000000080029b8      0x11c ./Core/Src/stm32f4xx_hal_msp.o
                0x00000000080029b8                HAL_UART_MspInit
 .text.HAL_PCD_MspInit
                0x0000000008002ad4       0xb4 ./Core/Src/stm32f4xx_hal_msp.o
                0x0000000008002ad4                HAL_PCD_MspInit
 .text.NMI_Handler
                0x0000000008002b88        0x6 ./Core/Src/stm32f4xx_it.o
                0x0000000008002b88                NMI_Handler
 .text.HardFault_Handler
                0x0000000008002b8e        0x6 ./Core/Src/stm32f4xx_it.o
                0x0000000008002b8e                HardFault_Handler
 .text.MemManage_Handler
                0x0000000008002b94        0x6 ./Core/Src/stm32f4xx_it.o
                0x0000000008002b94                MemManage_Handler
 .text.BusFault_Handler
                0x0000000008002b9a        0x6 ./Core/Src/stm32f4xx_it.o
                0x0000000008002b9a                BusFault_Handler
 .text.UsageFault_Handler
                0x0000000008002ba0        0x6 ./Core/Src/stm32f4xx_it.o
                0x0000000008002ba0                UsageFault_Handler
 .text.SVC_Handler
                0x0000000008002ba6        0xe ./Core/Src/stm32f4xx_it.o
                0x0000000008002ba6                SVC_Handler
 .text.DebugMon_Handler
                0x0000000008002bb4        0xe ./Core/Src/stm32f4xx_it.o
                0x0000000008002bb4                DebugMon_Handler
 .text.PendSV_Handler
                0x0000000008002bc2        0xe ./Core/Src/stm32f4xx_it.o
                0x0000000008002bc2                PendSV_Handler
 .text.SysTick_Handler
                0x0000000008002bd0       0x10 ./Core/Src/stm32f4xx_it.o
                0x0000000008002bd0                SysTick_Handler
 .text.TIM1_UP_TIM10_IRQHandler
                0x0000000008002be0       0x14 ./Core/Src/stm32f4xx_it.o
                0x0000000008002be0                TIM1_UP_TIM10_IRQHandler
 .text.TIM1_TRG_COM_TIM11_IRQHandler
                0x0000000008002bf4       0x14 ./Core/Src/stm32f4xx_it.o
                0x0000000008002bf4                TIM1_TRG_COM_TIM11_IRQHandler
 .text.TIM2_IRQHandler
                0x0000000008002c08       0x14 ./Core/Src/stm32f4xx_it.o
                0x0000000008002c08                TIM2_IRQHandler
 .text.TIM3_IRQHandler
                0x0000000008002c1c       0x14 ./Core/Src/stm32f4xx_it.o
                0x0000000008002c1c                TIM3_IRQHandler
 .text.TIM4_IRQHandler
                0x0000000008002c30       0x14 ./Core/Src/stm32f4xx_it.o
                0x0000000008002c30                TIM4_IRQHandler
 .text.USART3_IRQHandler
                0x0000000008002c44       0x14 ./Core/Src/stm32f4xx_it.o
                0x0000000008002c44                USART3_IRQHandler
 .text.USART6_IRQHandler
                0x0000000008002c58       0x14 ./Core/Src/stm32f4xx_it.o
                0x0000000008002c58                USART6_IRQHandler
 .text._read    0x0000000008002c6c       0x3a ./Core/Src/syscalls.o
                0x0000000008002c6c                _read
 .text._write   0x0000000008002ca6       0x38 ./Core/Src/syscalls.o
                0x0000000008002ca6                _write
 .text._close   0x0000000008002cde       0x18 ./Core/Src/syscalls.o
                0x0000000008002cde                _close
 .text._fstat   0x0000000008002cf6       0x20 ./Core/Src/syscalls.o
                0x0000000008002cf6                _fstat
 .text._isatty  0x0000000008002d16       0x16 ./Core/Src/syscalls.o
                0x0000000008002d16                _isatty
 .text._lseek   0x0000000008002d2c       0x1a ./Core/Src/syscalls.o
                0x0000000008002d2c                _lseek
 *fill*         0x0000000008002d46        0x2 
 .text._sbrk    0x0000000008002d48       0x6c ./Core/Src/sysmem.o
                0x0000000008002d48                _sbrk
 .text.SystemInit
                0x0000000008002db4       0x24 ./Core/Src/system_stm32f4xx.o
                0x0000000008002db4                SystemInit
 .text.HAL_UART_RxCpltCallback
                0x0000000008002dd8      0x188 ./Core/Src/uart.o
                0x0000000008002dd8                HAL_UART_RxCpltCallback
 .text.pc_command_processing
                0x0000000008002f60      0x560 ./Core/Src/uart.o
                0x0000000008002f60                pc_command_processing
 .text.bt_command_processing
                0x00000000080034c0       0xf4 ./Core/Src/uart.o
                0x00000000080034c0                bt_command_processing
 .text.HAL_TIM_IC_CaptureCallback
                0x00000000080035b4       0x6c ./Core/Src/ultrasonic.o
                0x00000000080035b4                HAL_TIM_IC_CaptureCallback
 .text.ultrasonic_processing
                0x0000000008003620       0xb8 ./Core/Src/ultrasonic.o
                0x0000000008003620                ultrasonic_processing
 .text.make_trigger
                0x00000000080036d8       0x3c ./Core/Src/ultrasonic.o
                0x00000000080036d8                make_trigger
 .text.Reset_Handler
                0x0000000008003714       0x50 ./Core/Startup/startup_stm32f429zitx.o
                0x0000000008003714                Reset_Handler
 .text.Default_Handler
                0x0000000008003764        0x2 ./Core/Startup/startup_stm32f429zitx.o
                0x0000000008003764                RTC_Alarm_IRQHandler
                0x0000000008003764                HASH_RNG_IRQHandler
                0x0000000008003764                EXTI2_IRQHandler
                0x0000000008003764                TIM8_CC_IRQHandler
                0x0000000008003764                UART8_IRQHandler
                0x0000000008003764                SPI4_IRQHandler
                0x0000000008003764                TIM1_CC_IRQHandler
                0x0000000008003764                DMA2_Stream5_IRQHandler
                0x0000000008003764                DMA1_Stream5_IRQHandler
                0x0000000008003764                PVD_IRQHandler
                0x0000000008003764                SDIO_IRQHandler
                0x0000000008003764                TAMP_STAMP_IRQHandler
                0x0000000008003764                CAN2_RX1_IRQHandler
                0x0000000008003764                EXTI3_IRQHandler
                0x0000000008003764                TIM8_TRG_COM_TIM14_IRQHandler
                0x0000000008003764                TIM8_UP_TIM13_IRQHandler
                0x0000000008003764                I2C3_ER_IRQHandler
                0x0000000008003764                EXTI0_IRQHandler
                0x0000000008003764                I2C2_EV_IRQHandler
                0x0000000008003764                DMA1_Stream2_IRQHandler
                0x0000000008003764                CAN1_RX0_IRQHandler
                0x0000000008003764                FPU_IRQHandler
                0x0000000008003764                OTG_HS_WKUP_IRQHandler
                0x0000000008003764                LTDC_ER_IRQHandler
                0x0000000008003764                CAN2_SCE_IRQHandler
                0x0000000008003764                DMA2_Stream2_IRQHandler
                0x0000000008003764                SPI1_IRQHandler
                0x0000000008003764                TIM6_DAC_IRQHandler
                0x0000000008003764                TIM1_BRK_TIM9_IRQHandler
                0x0000000008003764                DCMI_IRQHandler
                0x0000000008003764                CAN2_RX0_IRQHandler
                0x0000000008003764                DMA2_Stream3_IRQHandler
                0x0000000008003764                CAN1_RX1_IRQHandler
                0x0000000008003764                UART5_IRQHandler
                0x0000000008003764                DMA2_Stream0_IRQHandler
                0x0000000008003764                I2C1_EV_IRQHandler
                0x0000000008003764                DMA1_Stream6_IRQHandler
                0x0000000008003764                DMA1_Stream1_IRQHandler
                0x0000000008003764                UART4_IRQHandler
                0x0000000008003764                RCC_IRQHandler
                0x0000000008003764                TIM8_BRK_TIM12_IRQHandler
                0x0000000008003764                Default_Handler
                0x0000000008003764                EXTI15_10_IRQHandler
                0x0000000008003764                ADC_IRQHandler
                0x0000000008003764                DMA1_Stream7_IRQHandler
                0x0000000008003764                SPI5_IRQHandler
                0x0000000008003764                TIM7_IRQHandler
                0x0000000008003764                CAN2_TX_IRQHandler
                0x0000000008003764                TIM5_IRQHandler
                0x0000000008003764                DMA2_Stream7_IRQHandler
                0x0000000008003764                I2C3_EV_IRQHandler
                0x0000000008003764                EXTI9_5_IRQHandler
                0x0000000008003764                RTC_WKUP_IRQHandler
                0x0000000008003764                LTDC_IRQHandler
                0x0000000008003764                ETH_WKUP_IRQHandler
                0x0000000008003764                SPI2_IRQHandler
                0x0000000008003764                OTG_HS_EP1_IN_IRQHandler
                0x0000000008003764                DMA1_Stream0_IRQHandler
                0x0000000008003764                CAN1_TX_IRQHandler
                0x0000000008003764                EXTI4_IRQHandler
                0x0000000008003764                ETH_IRQHandler
                0x0000000008003764                OTG_HS_EP1_OUT_IRQHandler
                0x0000000008003764                WWDG_IRQHandler
                0x0000000008003764                SPI6_IRQHandler
                0x0000000008003764                OTG_FS_WKUP_IRQHandler
                0x0000000008003764                OTG_HS_IRQHandler
                0x0000000008003764                DMA2D_IRQHandler
                0x0000000008003764                EXTI1_IRQHandler
                0x0000000008003764                UART7_IRQHandler
                0x0000000008003764                USART2_IRQHandler
                0x0000000008003764                I2C2_ER_IRQHandler
                0x0000000008003764                DMA2_Stream1_IRQHandler
                0x0000000008003764                CAN1_SCE_IRQHandler
                0x0000000008003764                FLASH_IRQHandler
                0x0000000008003764                DMA2_Stream4_IRQHandler
                0x0000000008003764                USART1_IRQHandler
                0x0000000008003764                OTG_FS_IRQHandler
                0x0000000008003764                SPI3_IRQHandler
                0x0000000008003764                DMA1_Stream4_IRQHandler
                0x0000000008003764                I2C1_ER_IRQHandler
                0x0000000008003764                FMC_IRQHandler
                0x0000000008003764                DMA2_Stream6_IRQHandler
                0x0000000008003764                SAI1_IRQHandler
                0x0000000008003764                DMA1_Stream3_IRQHandler
 *fill*         0x0000000008003766        0x2 
 .text.HAL_Init
                0x0000000008003768       0x44 ./Drivers/STM32F4xx_HAL_Driver/Src/stm32f4xx_hal.o
                0x0000000008003768                HAL_Init
 .text.HAL_InitTick
                0x00000000080037ac       0x60 ./Drivers/STM32F4xx_HAL_Driver/Src/stm32f4xx_hal.o
                0x00000000080037ac                HAL_InitTick
 .text.HAL_IncTick
                0x000000000800380c       0x28 ./Drivers/STM32F4xx_HAL_Driver/Src/stm32f4xx_hal.o
                0x000000000800380c                HAL_IncTick
 .text.HAL_GetTick
                0x0000000008003834       0x18 ./Drivers/STM32F4xx_HAL_Driver/Src/stm32f4xx_hal.o
                0x0000000008003834                HAL_GetTick
 .text.HAL_Delay
                0x000000000800384c       0x48 ./Drivers/STM32F4xx_HAL_Driver/Src/stm32f4xx_hal.o
                0x000000000800384c                HAL_Delay
 .text.__NVIC_SetPriorityGrouping
                0x0000000008003894       0x48 ./Drivers/STM32F4xx_HAL_Driver/Src/stm32f4xx_hal_cortex.o
 .text.__NVIC_GetPriorityGrouping
                0x00000000080038dc       0x1c ./Drivers/STM32F4xx_HAL_Driver/Src/stm32f4xx_hal_cortex.o
 .text.__NVIC_EnableIRQ
                0x00000000080038f8       0x3c ./Drivers/STM32F4xx_HAL_Driver/Src/stm32f4xx_hal_cortex.o
 .text.__NVIC_SetPriority
                0x0000000008003934       0x54 ./Drivers/STM32F4xx_HAL_Driver/Src/stm32f4xx_hal_cortex.o
 .text.NVIC_EncodePriority
                0x0000000008003988       0x66 ./Drivers/STM32F4xx_HAL_Driver/Src/stm32f4xx_hal_cortex.o
 *fill*         0x00000000080039ee        0x2 
 .text.SysTick_Config
                0x00000000080039f0       0x44 ./Drivers/STM32F4xx_HAL_Driver/Src/stm32f4xx_hal_cortex.o
 .text.HAL_NVIC_SetPriorityGrouping
                0x0000000008003a34       0x16 ./Drivers/STM32F4xx_HAL_Driver/Src/stm32f4xx_hal_cortex.o
                0x0000000008003a34                HAL_NVIC_SetPriorityGrouping
 .text.HAL_NVIC_SetPriority
                0x0000000008003a4a       0x38 ./Drivers/STM32F4xx_HAL_Driver/Src/stm32f4xx_hal_cortex.o
                0x0000000008003a4a                HAL_NVIC_SetPriority
 .text.HAL_NVIC_EnableIRQ
                0x0000000008003a82       0x1c ./Drivers/STM32F4xx_HAL_Driver/Src/stm32f4xx_hal_cortex.o
                0x0000000008003a82                HAL_NVIC_EnableIRQ
 .text.HAL_SYSTICK_Config
                0x0000000008003a9e       0x18 ./Drivers/STM32F4xx_HAL_Driver/Src/stm32f4xx_hal_cortex.o
                0x0000000008003a9e                HAL_SYSTICK_Config
 .text.HAL_DMA_Abort
                0x0000000008003ab6       0xe0 ./Drivers/STM32F4xx_HAL_Driver/Src/stm32f4xx_hal_dma.o
                0x0000000008003ab6                HAL_DMA_Abort
 .text.HAL_DMA_Abort_IT
                0x0000000008003b96       0x44 ./Drivers/STM32F4xx_HAL_Driver/Src/stm32f4xx_hal_dma.o
                0x0000000008003b96                HAL_DMA_Abort_IT
 *fill*         0x0000000008003bda        0x2 
 .text.HAL_ETH_Init
                0x0000000008003bdc       0xfc ./Drivers/STM32F4xx_HAL_Driver/Src/stm32f4xx_hal_eth.o
                0x0000000008003bdc                HAL_ETH_Init
 .text.ETH_SetMACConfig
                0x0000000008003cd8      0x160 ./Drivers/STM32F4xx_HAL_Driver/Src/stm32f4xx_hal_eth.o
 .text.ETH_SetDMAConfig
                0x0000000008003e38      0x114 ./Drivers/STM32F4xx_HAL_Driver/Src/stm32f4xx_hal_eth.o
 .text.ETH_MACDMAConfig
                0x0000000008003f4c       0xe4 ./Drivers/STM32F4xx_HAL_Driver/Src/stm32f4xx_hal_eth.o
 .text.ETH_MACAddressConfig
                0x0000000008004030       0x70 ./Drivers/STM32F4xx_HAL_Driver/Src/stm32f4xx_hal_eth.o
 .text.ETH_DMATxDescListInit
                0x00000000080040a0       0xb2 ./Drivers/STM32F4xx_HAL_Driver/Src/stm32f4xx_hal_eth.o
 .text.ETH_DMARxDescListInit
                0x0000000008004152       0xda ./Drivers/STM32F4xx_HAL_Driver/Src/stm32f4xx_hal_eth.o
 .text.HAL_GPIO_Init
                0x000000000800422c      0x358 ./Drivers/STM32F4xx_HAL_Driver/Src/stm32f4xx_hal_gpio.o
                0x000000000800422c                HAL_GPIO_Init
 .text.HAL_GPIO_ReadPin
                0x0000000008004584       0x30 ./Drivers/STM32F4xx_HAL_Driver/Src/stm32f4xx_hal_gpio.o
                0x0000000008004584                HAL_GPIO_ReadPin
 .text.HAL_GPIO_WritePin
                0x00000000080045b4       0x32 ./Drivers/STM32F4xx_HAL_Driver/Src/stm32f4xx_hal_gpio.o
                0x00000000080045b4                HAL_GPIO_WritePin
 *fill*         0x00000000080045e6        0x2 
 .text.HAL_I2C_Init
                0x00000000080045e8      0x288 ./Drivers/STM32F4xx_HAL_Driver/Src/stm32f4xx_hal_i2c.o
                0x00000000080045e8                HAL_I2C_Init
 .text.HAL_I2C_Master_Transmit
                0x0000000008004870      0x1fc ./Drivers/STM32F4xx_HAL_Driver/Src/stm32f4xx_hal_i2c.o
                0x0000000008004870                HAL_I2C_Master_Transmit
 .text.I2C_MasterRequestWrite
                0x0000000008004a6c      0x104 ./Drivers/STM32F4xx_HAL_Driver/Src/stm32f4xx_hal_i2c.o
 .text.I2C_WaitOnFlagUntilTimeout
                0x0000000008004b70       0xae ./Drivers/STM32F4xx_HAL_Driver/Src/stm32f4xx_hal_i2c.o
 .text.I2C_WaitOnMasterAddressFlagUntilTimeout
                0x0000000008004c1e       0xfe ./Drivers/STM32F4xx_HAL_Driver/Src/stm32f4xx_hal_i2c.o
 .text.I2C_WaitOnTXEFlagUntilTimeout
                0x0000000008004d1c       0x82 ./Drivers/STM32F4xx_HAL_Driver/Src/stm32f4xx_hal_i2c.o
 .text.I2C_WaitOnBTFFlagUntilTimeout
                0x0000000008004d9e       0x82 ./Drivers/STM32F4xx_HAL_Driver/Src/stm32f4xx_hal_i2c.o
 .text.I2C_IsAcknowledgeFailed
                0x0000000008004e20       0x5e ./Drivers/STM32F4xx_HAL_Driver/Src/stm32f4xx_hal_i2c.o
 .text.HAL_I2CEx_ConfigAnalogFilter
                0x0000000008004e7e       0x78 ./Drivers/STM32F4xx_HAL_Driver/Src/stm32f4xx_hal_i2c_ex.o
                0x0000000008004e7e                HAL_I2CEx_ConfigAnalogFilter
 .text.HAL_I2CEx_ConfigDigitalFilter
                0x0000000008004ef6       0x7e ./Drivers/STM32F4xx_HAL_Driver/Src/stm32f4xx_hal_i2c_ex.o
                0x0000000008004ef6                HAL_I2CEx_ConfigDigitalFilter
 .text.HAL_PCD_Init
                0x0000000008004f74      0x23a ./Drivers/STM32F4xx_HAL_Driver/Src/stm32f4xx_hal_pcd.o
                0x0000000008004f74                HAL_PCD_Init
 *fill*         0x00000000080051ae        0x2 
 .text.HAL_RCC_OscConfig
                0x00000000080051b0      0x4f0 ./Drivers/STM32F4xx_HAL_Driver/Src/stm32f4xx_hal_rcc.o
                0x00000000080051b0                HAL_RCC_OscConfig
 .text.HAL_RCC_ClockConfig
                0x00000000080056a0      0x1cc ./Drivers/STM32F4xx_HAL_Driver/Src/stm32f4xx_hal_rcc.o
                0x00000000080056a0                HAL_RCC_ClockConfig
 .text.HAL_RCC_GetSysClockFreq
                0x000000000800586c      0x20c ./Drivers/STM32F4xx_HAL_Driver/Src/stm32f4xx_hal_rcc.o
                0x000000000800586c                HAL_RCC_GetSysClockFreq
 .text.HAL_RCC_GetHCLKFreq
                0x0000000008005a78       0x18 ./Drivers/STM32F4xx_HAL_Driver/Src/stm32f4xx_hal_rcc.o
                0x0000000008005a78                HAL_RCC_GetHCLKFreq
 .text.HAL_RCC_GetPCLK1Freq
                0x0000000008005a90       0x28 ./Drivers/STM32F4xx_HAL_Driver/Src/stm32f4xx_hal_rcc.o
                0x0000000008005a90                HAL_RCC_GetPCLK1Freq
 .text.HAL_RCC_GetPCLK2Freq
                0x0000000008005ab8       0x28 ./Drivers/STM32F4xx_HAL_Driver/Src/stm32f4xx_hal_rcc.o
                0x0000000008005ab8                HAL_RCC_GetPCLK2Freq
 .text.HAL_RCCEx_PeriphCLKConfig
                0x0000000008005ae0      0x380 ./Drivers/STM32F4xx_HAL_Driver/Src/stm32f4xx_hal_rcc_ex.o
                0x0000000008005ae0                HAL_RCCEx_PeriphCLKConfig
 .text.HAL_RTC_Init
                0x0000000008005e60       0xec ./Drivers/STM32F4xx_HAL_Driver/Src/stm32f4xx_hal_rtc.o
                0x0000000008005e60                HAL_RTC_Init
 .text.HAL_RTC_SetTime
                0x0000000008005f4c      0x134 ./Drivers/STM32F4xx_HAL_Driver/Src/stm32f4xx_hal_rtc.o
                0x0000000008005f4c                HAL_RTC_SetTime
 .text.HAL_RTC_GetTime
                0x0000000008006080       0xbc ./Drivers/STM32F4xx_HAL_Driver/Src/stm32f4xx_hal_rtc.o
                0x0000000008006080                HAL_RTC_GetTime
 .text.HAL_RTC_SetDate
                0x000000000800613c      0x108 ./Drivers/STM32F4xx_HAL_Driver/Src/stm32f4xx_hal_rtc.o
                0x000000000800613c                HAL_RTC_SetDate
 .text.HAL_RTC_GetDate
                0x0000000008006244       0x9e ./Drivers/STM32F4xx_HAL_Driver/Src/stm32f4xx_hal_rtc.o
                0x0000000008006244                HAL_RTC_GetDate
 .text.HAL_RTC_WaitForSynchro
                0x00000000080062e2       0x50 ./Drivers/STM32F4xx_HAL_Driver/Src/stm32f4xx_hal_rtc.o
                0x00000000080062e2                HAL_RTC_WaitForSynchro
 .text.RTC_EnterInitMode
                0x0000000008006332       0x6e ./Drivers/STM32F4xx_HAL_Driver/Src/stm32f4xx_hal_rtc.o
                0x0000000008006332                RTC_EnterInitMode
 .text.RTC_ExitInitMode
                0x00000000080063a0       0x4a ./Drivers/STM32F4xx_HAL_Driver/Src/stm32f4xx_hal_rtc.o
                0x00000000080063a0                RTC_ExitInitMode
 .text.RTC_ByteToBcd2
                0x00000000080063ea       0x3a ./Drivers/STM32F4xx_HAL_Driver/Src/stm32f4xx_hal_rtc.o
                0x00000000080063ea                RTC_ByteToBcd2
 .text.RTC_Bcd2ToByte
                0x0000000008006424       0x38 ./Drivers/STM32F4xx_HAL_Driver/Src/stm32f4xx_hal_rtc.o
                0x0000000008006424                RTC_Bcd2ToByte
 .text.HAL_TIM_Base_Init
                0x000000000800645c       0x9e ./Drivers/STM32F4xx_HAL_Driver/Src/stm32f4xx_hal_tim.o
                0x000000000800645c                HAL_TIM_Base_Init
 *fill*         0x00000000080064fa        0x2 
 .text.HAL_TIM_Base_Start_IT
                0x00000000080064fc       0xe0 ./Drivers/STM32F4xx_HAL_Driver/Src/stm32f4xx_hal_tim.o
                0x00000000080064fc                HAL_TIM_Base_Start_IT
 .text.HAL_TIM_PWM_Init
                0x00000000080065dc       0x9e ./Drivers/STM32F4xx_HAL_Driver/Src/stm32f4xx_hal_tim.o
                0x00000000080065dc                HAL_TIM_PWM_Init
 *fill*         0x000000000800667a        0x2 
 .text.HAL_TIM_PWM_Start
                0x000000000800667c      0x190 ./Drivers/STM32F4xx_HAL_Driver/Src/stm32f4xx_hal_tim.o
                0x000000000800667c                HAL_TIM_PWM_Start
 .text.HAL_TIM_PWM_Start_IT
                0x000000000800680c      0x22c ./Drivers/STM32F4xx_HAL_Driver/Src/stm32f4xx_hal_tim.o
                0x000000000800680c                HAL_TIM_PWM_Start_IT
 .text.HAL_TIM_IC_Init
                0x0000000008006a38       0x9e ./Drivers/STM32F4xx_HAL_Driver/Src/stm32f4xx_hal_tim.o
                0x0000000008006a38                HAL_TIM_IC_Init
 .text.HAL_TIM_IC_MspInit
                0x0000000008006ad6       0x14 ./Drivers/STM32F4xx_HAL_Driver/Src/stm32f4xx_hal_tim.o
                0x0000000008006ad6                HAL_TIM_IC_MspInit
 *fill*         0x0000000008006aea        0x2 
 .text.HAL_TIM_IC_Start_IT
                0x0000000008006aec      0x250 ./Drivers/STM32F4xx_HAL_Driver/Src/stm32f4xx_hal_tim.o
                0x0000000008006aec                HAL_TIM_IC_Start_IT
 .text.HAL_TIM_IRQHandler
                0x0000000008006d3c      0x210 ./Drivers/STM32F4xx_HAL_Driver/Src/stm32f4xx_hal_tim.o
                0x0000000008006d3c                HAL_TIM_IRQHandler
 .text.HAL_TIM_IC_ConfigChannel
                0x0000000008006f4c      0x138 ./Drivers/STM32F4xx_HAL_Driver/Src/stm32f4xx_hal_tim.o
                0x0000000008006f4c                HAL_TIM_IC_ConfigChannel
 .text.HAL_TIM_PWM_ConfigChannel
                0x0000000008007084      0x184 ./Drivers/STM32F4xx_HAL_Driver/Src/stm32f4xx_hal_tim.o
                0x0000000008007084                HAL_TIM_PWM_ConfigChannel
 .text.HAL_TIM_ConfigClockSource
                0x0000000008007208      0x18e ./Drivers/STM32F4xx_HAL_Driver/Src/stm32f4xx_hal_tim.o
                0x0000000008007208                HAL_TIM_ConfigClockSource
 *fill*         0x0000000008007396        0x2 
 .text.HAL_TIM_ReadCapturedValue
                0x0000000008007398       0x88 ./Drivers/STM32F4xx_HAL_Driver/Src/stm32f4xx_hal_tim.o
                0x0000000008007398                HAL_TIM_ReadCapturedValue
 .text.HAL_TIM_OC_DelayElapsedCallback
                0x0000000008007420       0x14 ./Drivers/STM32F4xx_HAL_Driver/Src/stm32f4xx_hal_tim.o
                0x0000000008007420                HAL_TIM_OC_DelayElapsedCallback
 .text.HAL_TIM_PWM_PulseFinishedCallback
                0x0000000008007434       0x14 ./Drivers/STM32F4xx_HAL_Driver/Src/stm32f4xx_hal_tim.o
                0x0000000008007434                HAL_TIM_PWM_PulseFinishedCallback
 .text.HAL_TIM_TriggerCallback
                0x0000000008007448       0x14 ./Drivers/STM32F4xx_HAL_Driver/Src/stm32f4xx_hal_tim.o
                0x0000000008007448                HAL_TIM_TriggerCallback
 .text.TIM_Base_SetConfig
                0x000000000800745c      0x140 ./Drivers/STM32F4xx_HAL_Driver/Src/stm32f4xx_hal_tim.o
                0x000000000800745c                TIM_Base_SetConfig
 .text.TIM_OC1_SetConfig
                0x000000000800759c       0xe0 ./Drivers/STM32F4xx_HAL_Driver/Src/stm32f4xx_hal_tim.o
 .text.TIM_OC2_SetConfig
                0x000000000800767c       0xec ./Drivers/STM32F4xx_HAL_Driver/Src/stm32f4xx_hal_tim.o
                0x000000000800767c                TIM_OC2_SetConfig
 .text.TIM_OC3_SetConfig
                0x0000000008007768       0xe8 ./Drivers/STM32F4xx_HAL_Driver/Src/stm32f4xx_hal_tim.o
 .text.TIM_OC4_SetConfig
                0x0000000008007850       0xac ./Drivers/STM32F4xx_HAL_Driver/Src/stm32f4xx_hal_tim.o
 .text.TIM_TI1_SetConfig
                0x00000000080078fc       0xe8 ./Drivers/STM32F4xx_HAL_Driver/Src/stm32f4xx_hal_tim.o
                0x00000000080078fc                TIM_TI1_SetConfig
 .text.TIM_TI1_ConfigInputStage
                0x00000000080079e4       0x5e ./Drivers/STM32F4xx_HAL_Driver/Src/stm32f4xx_hal_tim.o
 .text.TIM_TI2_SetConfig
                0x0000000008007a42       0x7a ./Drivers/STM32F4xx_HAL_Driver/Src/stm32f4xx_hal_tim.o
 .text.TIM_TI2_ConfigInputStage
                0x0000000008007abc       0x60 ./Drivers/STM32F4xx_HAL_Driver/Src/stm32f4xx_hal_tim.o
 .text.TIM_TI3_SetConfig
                0x0000000008007b1c       0x78 ./Drivers/STM32F4xx_HAL_Driver/Src/stm32f4xx_hal_tim.o
 .text.TIM_TI4_SetConfig
                0x0000000008007b94       0x7a ./Drivers/STM32F4xx_HAL_Driver/Src/stm32f4xx_hal_tim.o
 .text.TIM_ITRx_SetConfig
                0x0000000008007c0e       0x36 ./Drivers/STM32F4xx_HAL_Driver/Src/stm32f4xx_hal_tim.o
 .text.TIM_ETR_SetConfig
                0x0000000008007c44       0x40 ./Drivers/STM32F4xx_HAL_Driver/Src/stm32f4xx_hal_tim.o
                0x0000000008007c44                TIM_ETR_SetConfig
 .text.TIM_CCxChannelCmd
                0x0000000008007c84       0x4a ./Drivers/STM32F4xx_HAL_Driver/Src/stm32f4xx_hal_tim.o
                0x0000000008007c84                TIM_CCxChannelCmd
 *fill*         0x0000000008007cce        0x2 
 .text.HAL_TIMEx_MasterConfigSynchronization
                0x0000000008007cd0       0xf8 ./Drivers/STM32F4xx_HAL_Driver/Src/stm32f4xx_hal_tim_ex.o
                0x0000000008007cd0                HAL_TIMEx_MasterConfigSynchronization
 .text.HAL_TIMEx_CommutCallback
                0x0000000008007dc8       0x14 ./Drivers/STM32F4xx_HAL_Driver/Src/stm32f4xx_hal_tim_ex.o
                0x0000000008007dc8                HAL_TIMEx_CommutCallback
 .text.HAL_TIMEx_BreakCallback
                0x0000000008007ddc       0x14 ./Drivers/STM32F4xx_HAL_Driver/Src/stm32f4xx_hal_tim_ex.o
                0x0000000008007ddc                HAL_TIMEx_BreakCallback
 .text.HAL_UART_Init
                0x0000000008007df0       0x9a ./Drivers/STM32F4xx_HAL_Driver/Src/stm32f4xx_hal_uart.o
                0x0000000008007df0                HAL_UART_Init
 .text.HAL_UART_Transmit
                0x0000000008007e8a      0x124 ./Drivers/STM32F4xx_HAL_Driver/Src/stm32f4xx_hal_uart.o
                0x0000000008007e8a                HAL_UART_Transmit
 .text.HAL_UART_Receive_IT
                0x0000000008007fae       0x60 ./Drivers/STM32F4xx_HAL_Driver/Src/stm32f4xx_hal_uart.o
                0x0000000008007fae                HAL_UART_Receive_IT
 *fill*         0x000000000800800e        0x2 
 .text.HAL_UART_IRQHandler
                0x0000000008008010      0x51c ./Drivers/STM32F4xx_HAL_Driver/Src/stm32f4xx_hal_uart.o
                0x0000000008008010                HAL_UART_IRQHandler
 .text.HAL_UART_TxCpltCallback
                0x000000000800852c       0x14 ./Drivers/STM32F4xx_HAL_Driver/Src/stm32f4xx_hal_uart.o
                0x000000000800852c                HAL_UART_TxCpltCallback
 .text.HAL_UART_ErrorCallback
                0x0000000008008540       0x14 ./Drivers/STM32F4xx_HAL_Driver/Src/stm32f4xx_hal_uart.o
                0x0000000008008540                HAL_UART_ErrorCallback
 .text.HAL_UARTEx_RxEventCallback
                0x0000000008008554       0x18 ./Drivers/STM32F4xx_HAL_Driver/Src/stm32f4xx_hal_uart.o
                0x0000000008008554                HAL_UARTEx_RxEventCallback
 .text.UART_WaitOnFlagUntilTimeout
                0x000000000800856c       0xdc ./Drivers/STM32F4xx_HAL_Driver/Src/stm32f4xx_hal_uart.o
 .text.UART_Start_Receive_IT
                0x0000000008008648       0x7c ./Drivers/STM32F4xx_HAL_Driver/Src/stm32f4xx_hal_uart.o
                0x0000000008008648                UART_Start_Receive_IT
 .text.UART_EndRxTransfer
                0x00000000080086c4       0xc6 ./Drivers/STM32F4xx_HAL_Driver/Src/stm32f4xx_hal_uart.o
 .text.UART_DMAAbortOnError
                0x000000000800878a       0x28 ./Drivers/STM32F4xx_HAL_Driver/Src/stm32f4xx_hal_uart.o
 .text.UART_Transmit_IT
                0x00000000080087b2       0xa0 ./Drivers/STM32F4xx_HAL_Driver/Src/stm32f4xx_hal_uart.o
 .text.UART_EndTransmit_IT
                0x0000000008008852       0x30 ./Drivers/STM32F4xx_HAL_Driver/Src/stm32f4xx_hal_uart.o
 .text.UART_Receive_IT
                0x0000000008008882      0x176 ./Drivers/STM32F4xx_HAL_Driver/Src/stm32f4xx_hal_uart.o
 .text.UART_SetConfig
                0x00000000080089f8      0x4e8 ./Drivers/STM32F4xx_HAL_Driver/Src/stm32f4xx_hal_uart.o
 .text.USB_CoreInit
                0x0000000008008ee0       0xc2 ./Drivers/STM32F4xx_HAL_Driver/Src/stm32f4xx_ll_usb.o
                0x0000000008008ee0                USB_CoreInit
 .text.USB_DisableGlobalInt
                0x0000000008008fa2       0x22 ./Drivers/STM32F4xx_HAL_Driver/Src/stm32f4xx_ll_usb.o
                0x0000000008008fa2                USB_DisableGlobalInt
 .text.USB_SetCurrentMode
                0x0000000008008fc4       0x98 ./Drivers/STM32F4xx_HAL_Driver/Src/stm32f4xx_ll_usb.o
                0x0000000008008fc4                USB_SetCurrentMode
 .text.USB_DevInit
                0x000000000800905c      0x2c8 ./Drivers/STM32F4xx_HAL_Driver/Src/stm32f4xx_ll_usb.o
                0x000000000800905c                USB_DevInit
 .text.USB_FlushTxFifo
                0x0000000008009324       0x68 ./Drivers/STM32F4xx_HAL_Driver/Src/stm32f4xx_ll_usb.o
                0x0000000008009324                USB_FlushTxFifo
 .text.USB_FlushRxFifo
                0x000000000800938c       0x60 ./Drivers/STM32F4xx_HAL_Driver/Src/stm32f4xx_ll_usb.o
                0x000000000800938c                USB_FlushRxFifo
 .text.USB_SetDevSpeed
                0x00000000080093ec       0x32 ./Drivers/STM32F4xx_HAL_Driver/Src/stm32f4xx_ll_usb.o
                0x00000000080093ec                USB_SetDevSpeed
 .text.USB_DevDisconnect
                0x000000000800941e       0x42 ./Drivers/STM32F4xx_HAL_Driver/Src/stm32f4xx_ll_usb.o
                0x000000000800941e                USB_DevDisconnect
 .text.USB_GetMode
                0x0000000008009460       0x1c ./Drivers/STM32F4xx_HAL_Driver/Src/stm32f4xx_ll_usb.o
                0x0000000008009460                USB_GetMode
 .text.USB_CoreReset
                0x000000000800947c       0x68 ./Drivers/STM32F4xx_HAL_Driver/Src/stm32f4xx_ll_usb.o
 .text.atoi     0x00000000080094e4        0x8 c:/st/stm32cubeide_1.12.0/stm32cubeide/plugins/com.st.stm32cube.ide.mcu.externaltools.gnu-tools-for-stm32.10.3-2021.10.win32_1.0.200.202301161003/tools/bin/../lib/gcc/arm-none-eabi/10.3.1/../../../../arm-none-eabi/lib/thumb/v7e-m+fp/hard\libc_nano.a(lib_a-atoi.o)
                0x00000000080094e4                atoi
 .text.__errno  0x00000000080094ec        0xc c:/st/stm32cubeide_1.12.0/stm32cubeide/plugins/com.st.stm32cube.ide.mcu.externaltools.gnu-tools-for-stm32.10.3-2021.10.win32_1.0.200.202301161003/tools/bin/../lib/gcc/arm-none-eabi/10.3.1/../../../../arm-none-eabi/lib/thumb/v7e-m+fp/hard\libc_nano.a(lib_a-errno.o)
                0x00000000080094ec                __errno
 .text.__libc_init_array
                0x00000000080094f8       0x48 c:/st/stm32cubeide_1.12.0/stm32cubeide/plugins/com.st.stm32cube.ide.mcu.externaltools.gnu-tools-for-stm32.10.3-2021.10.win32_1.0.200.202301161003/tools/bin/../lib/gcc/arm-none-eabi/10.3.1/../../../../arm-none-eabi/lib/thumb/v7e-m+fp/hard\libc_nano.a(lib_a-init.o)
                0x00000000080094f8                __libc_init_array
 .text.memset   0x0000000008009540       0x10 c:/st/stm32cubeide_1.12.0/stm32cubeide/plugins/com.st.stm32cube.ide.mcu.externaltools.gnu-tools-for-stm32.10.3-2021.10.win32_1.0.200.202301161003/tools/bin/../lib/gcc/arm-none-eabi/10.3.1/../../../../arm-none-eabi/lib/thumb/v7e-m+fp/hard\libc_nano.a(lib_a-memset.o)
                0x0000000008009540                memset
 .text.printf   0x0000000008009550       0x30 c:/st/stm32cubeide_1.12.0/stm32cubeide/plugins/com.st.stm32cube.ide.mcu.externaltools.gnu-tools-for-stm32.10.3-2021.10.win32_1.0.200.202301161003/tools/bin/../lib/gcc/arm-none-eabi/10.3.1/../../../../arm-none-eabi/lib/thumb/v7e-m+fp/hard\libc_nano.a(lib_a-printf.o)
                0x0000000008009550                iprintf
                0x0000000008009550                printf
 .text._puts_r  0x0000000008009580       0xdc c:/st/stm32cubeide_1.12.0/stm32cubeide/plugins/com.st.stm32cube.ide.mcu.externaltools.gnu-tools-for-stm32.10.3-2021.10.win32_1.0.200.202301161003/tools/bin/../lib/gcc/arm-none-eabi/10.3.1/../../../../arm-none-eabi/lib/thumb/v7e-m+fp/hard\libc_nano.a(lib_a-puts.o)
                0x0000000008009580                _puts_r
 .text.puts     0x000000000800965c       0x10 c:/st/stm32cubeide_1.12.0/stm32cubeide/plugins/com.st.stm32cube.ide.mcu.externaltools.gnu-tools-for-stm32.10.3-2021.10.win32_1.0.200.202301161003/tools/bin/../lib/gcc/arm-none-eabi/10.3.1/../../../../arm-none-eabi/lib/thumb/v7e-m+fp/hard\libc_nano.a(lib_a-puts.o)
                0x000000000800965c                puts
 .text.sprintf  0x000000000800966c       0x40 c:/st/stm32cubeide_1.12.0/stm32cubeide/plugins/com.st.stm32cube.ide.mcu.externaltools.gnu-tools-for-stm32.10.3-2021.10.win32_1.0.200.202301161003/tools/bin/../lib/gcc/arm-none-eabi/10.3.1/../../../../arm-none-eabi/lib/thumb/v7e-m+fp/hard\libc_nano.a(lib_a-sprintf.o)
                0x000000000800966c                siprintf
                0x000000000800966c                sprintf
 .text.strncmp  0x00000000080096ac       0x28 c:/st/stm32cubeide_1.12.0/stm32cubeide/plugins/com.st.stm32cube.ide.mcu.externaltools.gnu-tools-for-stm32.10.3-2021.10.win32_1.0.200.202301161003/tools/bin/../lib/gcc/arm-none-eabi/10.3.1/../../../../arm-none-eabi/lib/thumb/v7e-m+fp/hard\libc_nano.a(lib_a-strncmp.o)
                0x00000000080096ac                strncmp
 .text.strncpy  0x00000000080096d4       0x26 c:/st/stm32cubeide_1.12.0/stm32cubeide/plugins/com.st.stm32cube.ide.mcu.externaltools.gnu-tools-for-stm32.10.3-2021.10.win32_1.0.200.202301161003/tools/bin/../lib/gcc/arm-none-eabi/10.3.1/../../../../arm-none-eabi/lib/thumb/v7e-m+fp/hard\libc_nano.a(lib_a-strncpy.o)
                0x00000000080096d4                strncpy
 *fill*         0x00000000080096fa        0x2 
 .text._strtol_l.constprop.0
                0x00000000080096fc      0x104 c:/st/stm32cubeide_1.12.0/stm32cubeide/plugins/com.st.stm32cube.ide.mcu.externaltools.gnu-tools-for-stm32.10.3-2021.10.win32_1.0.200.202301161003/tools/bin/../lib/gcc/arm-none-eabi/10.3.1/../../../../arm-none-eabi/lib/thumb/v7e-m+fp/hard\libc_nano.a(lib_a-strtol.o)
 .text.strtol   0x0000000008009800       0x14 c:/st/stm32cubeide_1.12.0/stm32cubeide/plugins/com.st.stm32cube.ide.mcu.externaltools.gnu-tools-for-stm32.10.3-2021.10.win32_1.0.200.202301161003/tools/bin/../lib/gcc/arm-none-eabi/10.3.1/../../../../arm-none-eabi/lib/thumb/v7e-m+fp/hard\libc_nano.a(lib_a-strtol.o)
                0x0000000008009800                strtol
 .text.__swbuf_r
                0x0000000008009814       0xa4 c:/st/stm32cubeide_1.12.0/stm32cubeide/plugins/com.st.stm32cube.ide.mcu.externaltools.gnu-tools-for-stm32.10.3-2021.10.win32_1.0.200.202301161003/tools/bin/../lib/gcc/arm-none-eabi/10.3.1/../../../../arm-none-eabi/lib/thumb/v7e-m+fp/hard\libc_nano.a(lib_a-wbuf.o)
                0x0000000008009814                __swbuf_r
 .text.__swsetup_r
                0x00000000080098b8       0xdc c:/st/stm32cubeide_1.12.0/stm32cubeide/plugins/com.st.stm32cube.ide.mcu.externaltools.gnu-tools-for-stm32.10.3-2021.10.win32_1.0.200.202301161003/tools/bin/../lib/gcc/arm-none-eabi/10.3.1/../../../../arm-none-eabi/lib/thumb/v7e-m+fp/hard\libc_nano.a(lib_a-wsetup.o)
                0x00000000080098b8                __swsetup_r
 .text.__sflush_r
                0x0000000008009994      0x10c c:/st/stm32cubeide_1.12.0/stm32cubeide/plugins/com.st.stm32cube.ide.mcu.externaltools.gnu-tools-for-stm32.10.3-2021.10.win32_1.0.200.202301161003/tools/bin/../lib/gcc/arm-none-eabi/10.3.1/../../../../arm-none-eabi/lib/thumb/v7e-m+fp/hard\libc_nano.a(lib_a-fflush.o)
                0x0000000008009994                __sflush_r
 .text._fflush_r
                0x0000000008009aa0       0x78 c:/st/stm32cubeide_1.12.0/stm32cubeide/plugins/com.st.stm32cube.ide.mcu.externaltools.gnu-tools-for-stm32.10.3-2021.10.win32_1.0.200.202301161003/tools/bin/../lib/gcc/arm-none-eabi/10.3.1/../../../../arm-none-eabi/lib/thumb/v7e-m+fp/hard\libc_nano.a(lib_a-fflush.o)
                0x0000000008009aa0                _fflush_r
 .text.std      0x0000000008009b18       0x48 c:/st/stm32cubeide_1.12.0/stm32cubeide/plugins/com.st.stm32cube.ide.mcu.externaltools.gnu-tools-for-stm32.10.3-2021.10.win32_1.0.200.202301161003/tools/bin/../lib/gcc/arm-none-eabi/10.3.1/../../../../arm-none-eabi/lib/thumb/v7e-m+fp/hard\libc_nano.a(lib_a-findfp.o)
 .text._cleanup_r
                0x0000000008009b60        0xc c:/st/stm32cubeide_1.12.0/stm32cubeide/plugins/com.st.stm32cube.ide.mcu.externaltools.gnu-tools-for-stm32.10.3-2021.10.win32_1.0.200.202301161003/tools/bin/../lib/gcc/arm-none-eabi/10.3.1/../../../../arm-none-eabi/lib/thumb/v7e-m+fp/hard\libc_nano.a(lib_a-findfp.o)
                0x0000000008009b60                _cleanup_r
 .text.__sfmoreglue
                0x0000000008009b6c       0x2c c:/st/stm32cubeide_1.12.0/stm32cubeide/plugins/com.st.stm32cube.ide.mcu.externaltools.gnu-tools-for-stm32.10.3-2021.10.win32_1.0.200.202301161003/tools/bin/../lib/gcc/arm-none-eabi/10.3.1/../../../../arm-none-eabi/lib/thumb/v7e-m+fp/hard\libc_nano.a(lib_a-findfp.o)
                0x0000000008009b6c                __sfmoreglue
 .text.__sfp_lock_acquire
                0x0000000008009b98        0xc c:/st/stm32cubeide_1.12.0/stm32cubeide/plugins/com.st.stm32cube.ide.mcu.externaltools.gnu-tools-for-stm32.10.3-2021.10.win32_1.0.200.202301161003/tools/bin/../lib/gcc/arm-none-eabi/10.3.1/../../../../arm-none-eabi/lib/thumb/v7e-m+fp/hard\libc_nano.a(lib_a-findfp.o)
                0x0000000008009b98                __sfp_lock_acquire
 .text.__sfp_lock_release
                0x0000000008009ba4        0xc c:/st/stm32cubeide_1.12.0/stm32cubeide/plugins/com.st.stm32cube.ide.mcu.externaltools.gnu-tools-for-stm32.10.3-2021.10.win32_1.0.200.202301161003/tools/bin/../lib/gcc/arm-none-eabi/10.3.1/../../../../arm-none-eabi/lib/thumb/v7e-m+fp/hard\libc_nano.a(lib_a-findfp.o)
                0x0000000008009ba4                __sfp_lock_release
 .text.__sinit_lock_acquire
                0x0000000008009bb0        0xc c:/st/stm32cubeide_1.12.0/stm32cubeide/plugins/com.st.stm32cube.ide.mcu.externaltools.gnu-tools-for-stm32.10.3-2021.10.win32_1.0.200.202301161003/tools/bin/../lib/gcc/arm-none-eabi/10.3.1/../../../../arm-none-eabi/lib/thumb/v7e-m+fp/hard\libc_nano.a(lib_a-findfp.o)
                0x0000000008009bb0                __sinit_lock_acquire
 .text.__sinit_lock_release
                0x0000000008009bbc        0xc c:/st/stm32cubeide_1.12.0/stm32cubeide/plugins/com.st.stm32cube.ide.mcu.externaltools.gnu-tools-for-stm32.10.3-2021.10.win32_1.0.200.202301161003/tools/bin/../lib/gcc/arm-none-eabi/10.3.1/../../../../arm-none-eabi/lib/thumb/v7e-m+fp/hard\libc_nano.a(lib_a-findfp.o)
                0x0000000008009bbc                __sinit_lock_release
 .text.__sinit  0x0000000008009bc8       0x70 c:/st/stm32cubeide_1.12.0/stm32cubeide/plugins/com.st.stm32cube.ide.mcu.externaltools.gnu-tools-for-stm32.10.3-2021.10.win32_1.0.200.202301161003/tools/bin/../lib/gcc/arm-none-eabi/10.3.1/../../../../arm-none-eabi/lib/thumb/v7e-m+fp/hard\libc_nano.a(lib_a-findfp.o)
                0x0000000008009bc8                __sinit
 .text.__sfp    0x0000000008009c38       0x8c c:/st/stm32cubeide_1.12.0/stm32cubeide/plugins/com.st.stm32cube.ide.mcu.externaltools.gnu-tools-for-stm32.10.3-2021.10.win32_1.0.200.202301161003/tools/bin/../lib/gcc/arm-none-eabi/10.3.1/../../../../arm-none-eabi/lib/thumb/v7e-m+fp/hard\libc_nano.a(lib_a-findfp.o)
                0x0000000008009c38                __sfp
 .text._fwalk_reent
                0x0000000008009cc4       0x3e c:/st/stm32cubeide_1.12.0/stm32cubeide/plugins/com.st.stm32cube.ide.mcu.externaltools.gnu-tools-for-stm32.10.3-2021.10.win32_1.0.200.202301161003/tools/bin/../lib/gcc/arm-none-eabi/10.3.1/../../../../arm-none-eabi/lib/thumb/v7e-m+fp/hard\libc_nano.a(lib_a-fwalk.o)
                0x0000000008009cc4                _fwalk_reent
 .text.__retarget_lock_init_recursive
                0x0000000008009d02        0x2 c:/st/stm32cubeide_1.12.0/stm32cubeide/plugins/com.st.stm32cube.ide.mcu.externaltools.gnu-tools-for-stm32.10.3-2021.10.win32_1.0.200.202301161003/tools/bin/../lib/gcc/arm-none-eabi/10.3.1/../../../../arm-none-eabi/lib/thumb/v7e-m+fp/hard\libc_nano.a(lib_a-lock.o)
                0x0000000008009d02                __retarget_lock_init_recursive
 .text.__retarget_lock_acquire_recursive
                0x0000000008009d04        0x2 c:/st/stm32cubeide_1.12.0/stm32cubeide/plugins/com.st.stm32cube.ide.mcu.externaltools.gnu-tools-for-stm32.10.3-2021.10.win32_1.0.200.202301161003/tools/bin/../lib/gcc/arm-none-eabi/10.3.1/../../../../arm-none-eabi/lib/thumb/v7e-m+fp/hard\libc_nano.a(lib_a-lock.o)
                0x0000000008009d04                __retarget_lock_acquire_recursive
 .text.__retarget_lock_release_recursive
                0x0000000008009d06        0x2 c:/st/stm32cubeide_1.12.0/stm32cubeide/plugins/com.st.stm32cube.ide.mcu.externaltools.gnu-tools-for-stm32.10.3-2021.10.win32_1.0.200.202301161003/tools/bin/../lib/gcc/arm-none-eabi/10.3.1/../../../../arm-none-eabi/lib/thumb/v7e-m+fp/hard\libc_nano.a(lib_a-lock.o)
                0x0000000008009d06                __retarget_lock_release_recursive
 .text.__swhatbuf_r
                0x0000000008009d08       0x4a c:/st/stm32cubeide_1.12.0/stm32cubeide/plugins/com.st.stm32cube.ide.mcu.externaltools.gnu-tools-for-stm32.10.3-2021.10.win32_1.0.200.202301161003/tools/bin/../lib/gcc/arm-none-eabi/10.3.1/../../../../arm-none-eabi/lib/thumb/v7e-m+fp/hard\libc_nano.a(lib_a-makebuf.o)
                0x0000000008009d08                __swhatbuf_r
 *fill*         0x0000000008009d52        0x2 
 .text.__smakebuf_r
                0x0000000008009d54       0x80 c:/st/stm32cubeide_1.12.0/stm32cubeide/plugins/com.st.stm32cube.ide.mcu.externaltools.gnu-tools-for-stm32.10.3-2021.10.win32_1.0.200.202301161003/tools/bin/../lib/gcc/arm-none-eabi/10.3.1/../../../../arm-none-eabi/lib/thumb/v7e-m+fp/hard\libc_nano.a(lib_a-makebuf.o)
                0x0000000008009d54                __smakebuf_r
 .text._free_r  0x0000000008009dd4       0x98 c:/st/stm32cubeide_1.12.0/stm32cubeide/plugins/com.st.stm32cube.ide.mcu.externaltools.gnu-tools-for-stm32.10.3-2021.10.win32_1.0.200.202301161003/tools/bin/../lib/gcc/arm-none-eabi/10.3.1/../../../../arm-none-eabi/lib/thumb/v7e-m+fp/hard\libc_nano.a(lib_a-nano-freer.o)
                0x0000000008009dd4                _free_r
 .text.sbrk_aligned
                0x0000000008009e6c       0x40 c:/st/stm32cubeide_1.12.0/stm32cubeide/plugins/com.st.stm32cube.ide.mcu.externaltools.gnu-tools-for-stm32.10.3-2021.10.win32_1.0.200.202301161003/tools/bin/../lib/gcc/arm-none-eabi/10.3.1/../../../../arm-none-eabi/lib/thumb/v7e-m+fp/hard\libc_nano.a(lib_a-nano-mallocr.o)
 .text._malloc_r
                0x0000000008009eac       0xe8 c:/st/stm32cubeide_1.12.0/stm32cubeide/plugins/com.st.stm32cube.ide.mcu.externaltools.gnu-tools-for-stm32.10.3-2021.10.win32_1.0.200.202301161003/tools/bin/../lib/gcc/arm-none-eabi/10.3.1/../../../../arm-none-eabi/lib/thumb/v7e-m+fp/hard\libc_nano.a(lib_a-nano-mallocr.o)
                0x0000000008009eac                _malloc_r
 .text.__ssputs_r
                0x0000000008009f94       0xb6 c:/st/stm32cubeide_1.12.0/stm32cubeide/plugins/com.st.stm32cube.ide.mcu.externaltools.gnu-tools-for-stm32.10.3-2021.10.win32_1.0.200.202301161003/tools/bin/../lib/gcc/arm-none-eabi/10.3.1/../../../../arm-none-eabi/lib/thumb/v7e-m+fp/hard\libc_nano.a(lib_a-nano-svfprintf.o)
                0x0000000008009f94                __ssputs_r
 *fill*         0x000000000800a04a        0x2 
 .text._svfprintf_r
                0x000000000800a04c      0x200 c:/st/stm32cubeide_1.12.0/stm32cubeide/plugins/com.st.stm32cube.ide.mcu.externaltools.gnu-tools-for-stm32.10.3-2021.10.win32_1.0.200.202301161003/tools/bin/../lib/gcc/arm-none-eabi/10.3.1/../../../../arm-none-eabi/lib/thumb/v7e-m+fp/hard\libc_nano.a(lib_a-nano-svfprintf.o)
                0x000000000800a04c                _svfiprintf_r
                0x000000000800a04c                _svfprintf_r
 .text.__sfputc_r
                0x000000000800a24c       0x2e c:/st/stm32cubeide_1.12.0/stm32cubeide/plugins/com.st.stm32cube.ide.mcu.externaltools.gnu-tools-for-stm32.10.3-2021.10.win32_1.0.200.202301161003/tools/bin/../lib/gcc/arm-none-eabi/10.3.1/../../../../arm-none-eabi/lib/thumb/v7e-m+fp/hard\libc_nano.a(lib_a-nano-vfprintf.o)
 .text.__sfputs_r
                0x000000000800a27a       0x24 c:/st/stm32cubeide_1.12.0/stm32cubeide/plugins/com.st.stm32cube.ide.mcu.externaltools.gnu-tools-for-stm32.10.3-2021.10.win32_1.0.200.202301161003/tools/bin/../lib/gcc/arm-none-eabi/10.3.1/../../../../arm-none-eabi/lib/thumb/v7e-m+fp/hard\libc_nano.a(lib_a-nano-vfprintf.o)
                0x000000000800a27a                __sfputs_r
 *fill*         0x000000000800a29e        0x2 
 .text._vfprintf_r
                0x000000000800a2a0      0x260 c:/st/stm32cubeide_1.12.0/stm32cubeide/plugins/com.st.stm32cube.ide.mcu.externaltools.gnu-tools-for-stm32.10.3-2021.10.win32_1.0.200.202301161003/tools/bin/../lib/gcc/arm-none-eabi/10.3.1/../../../../arm-none-eabi/lib/thumb/v7e-m+fp/hard\libc_nano.a(lib_a-nano-vfprintf.o)
                0x000000000800a2a0                _vfprintf_r
                0x000000000800a2a0                _vfiprintf_r
 .text._printf_common
                0x000000000800a500       0xda c:/st/stm32cubeide_1.12.0/stm32cubeide/plugins/com.st.stm32cube.ide.mcu.externaltools.gnu-tools-for-stm32.10.3-2021.10.win32_1.0.200.202301161003/tools/bin/../lib/gcc/arm-none-eabi/10.3.1/../../../../arm-none-eabi/lib/thumb/v7e-m+fp/hard\libc_nano.a(lib_a-nano-vfprintf_i.o)
                0x000000000800a500                _printf_common
 *fill*         0x000000000800a5da        0x2 
 .text._printf_i
                0x000000000800a5dc      0x24c c:/st/stm32cubeide_1.12.0/stm32cubeide/plugins/com.st.stm32cube.ide.mcu.externaltools.gnu-tools-for-stm32.10.3-2021.10.win32_1.0.200.202301161003/tools/bin/../lib/gcc/arm-none-eabi/10.3.1/../../../../arm-none-eabi/lib/thumb/v7e-m+fp/hard\libc_nano.a(lib_a-nano-vfprintf_i.o)
                0x000000000800a5dc                _printf_i
 .text._sbrk_r  0x000000000800a828       0x20 c:/st/stm32cubeide_1.12.0/stm32cubeide/plugins/com.st.stm32cube.ide.mcu.externaltools.gnu-tools-for-stm32.10.3-2021.10.win32_1.0.200.202301161003/tools/bin/../lib/gcc/arm-none-eabi/10.3.1/../../../../arm-none-eabi/lib/thumb/v7e-m+fp/hard\libc_nano.a(lib_a-sbrkr.o)
                0x000000000800a828                _sbrk_r
 .text.__sread  0x000000000800a848       0x22 c:/st/stm32cubeide_1.12.0/stm32cubeide/plugins/com.st.stm32cube.ide.mcu.externaltools.gnu-tools-for-stm32.10.3-2021.10.win32_1.0.200.202301161003/tools/bin/../lib/gcc/arm-none-eabi/10.3.1/../../../../arm-none-eabi/lib/thumb/v7e-m+fp/hard\libc_nano.a(lib_a-stdio.o)
                0x000000000800a848                __sread
 .text.__swrite
                0x000000000800a86a       0x38 c:/st/stm32cubeide_1.12.0/stm32cubeide/plugins/com.st.stm32cube.ide.mcu.externaltools.gnu-tools-for-stm32.10.3-2021.10.win32_1.0.200.202301161003/tools/bin/../lib/gcc/arm-none-eabi/10.3.1/../../../../arm-none-eabi/lib/thumb/v7e-m+fp/hard\libc_nano.a(lib_a-stdio.o)
                0x000000000800a86a                __swrite
 .text.__sseek  0x000000000800a8a2       0x24 c:/st/stm32cubeide_1.12.0/stm32cubeide/plugins/com.st.stm32cube.ide.mcu.externaltools.gnu-tools-for-stm32.10.3-2021.10.win32_1.0.200.202301161003/tools/bin/../lib/gcc/arm-none-eabi/10.3.1/../../../../arm-none-eabi/lib/thumb/v7e-m+fp/hard\libc_nano.a(lib_a-stdio.o)
                0x000000000800a8a2                __sseek
 .text.__sclose
                0x000000000800a8c6        0x8 c:/st/stm32cubeide_1.12.0/stm32cubeide/plugins/com.st.stm32cube.ide.mcu.externaltools.gnu-tools-for-stm32.10.3-2021.10.win32_1.0.200.202301161003/tools/bin/../lib/gcc/arm-none-eabi/10.3.1/../../../../arm-none-eabi/lib/thumb/v7e-m+fp/hard\libc_nano.a(lib_a-stdio.o)
                0x000000000800a8c6                __sclose
 *fill*         0x000000000800a8ce        0x2 
 .text._write_r
                0x000000000800a8d0       0x24 c:/st/stm32cubeide_1.12.0/stm32cubeide/plugins/com.st.stm32cube.ide.mcu.externaltools.gnu-tools-for-stm32.10.3-2021.10.win32_1.0.200.202301161003/tools/bin/../lib/gcc/arm-none-eabi/10.3.1/../../../../arm-none-eabi/lib/thumb/v7e-m+fp/hard\libc_nano.a(lib_a-writer.o)
                0x000000000800a8d0                _write_r
 .text._close_r
                0x000000000800a8f4       0x20 c:/st/stm32cubeide_1.12.0/stm32cubeide/plugins/com.st.stm32cube.ide.mcu.externaltools.gnu-tools-for-stm32.10.3-2021.10.win32_1.0.200.202301161003/tools/bin/../lib/gcc/arm-none-eabi/10.3.1/../../../../arm-none-eabi/lib/thumb/v7e-m+fp/hard\libc_nano.a(lib_a-closer.o)
                0x000000000800a8f4                _close_r
 .text._fstat_r
                0x000000000800a914       0x24 c:/st/stm32cubeide_1.12.0/stm32cubeide/plugins/com.st.stm32cube.ide.mcu.externaltools.gnu-tools-for-stm32.10.3-2021.10.win32_1.0.200.202301161003/tools/bin/../lib/gcc/arm-none-eabi/10.3.1/../../../../arm-none-eabi/lib/thumb/v7e-m+fp/hard\libc_nano.a(lib_a-fstatr.o)
                0x000000000800a914                _fstat_r
 .text._isatty_r
                0x000000000800a938       0x20 c:/st/stm32cubeide_1.12.0/stm32cubeide/plugins/com.st.stm32cube.ide.mcu.externaltools.gnu-tools-for-stm32.10.3-2021.10.win32_1.0.200.202301161003/tools/bin/../lib/gcc/arm-none-eabi/10.3.1/../../../../arm-none-eabi/lib/thumb/v7e-m+fp/hard\libc_nano.a(lib_a-isattyr.o)
                0x000000000800a938                _isatty_r
 .text._lseek_r
                0x000000000800a958       0x24 c:/st/stm32cubeide_1.12.0/stm32cubeide/plugins/com.st.stm32cube.ide.mcu.externaltools.gnu-tools-for-stm32.10.3-2021.10.win32_1.0.200.202301161003/tools/bin/../lib/gcc/arm-none-eabi/10.3.1/../../../../arm-none-eabi/lib/thumb/v7e-m+fp/hard\libc_nano.a(lib_a-lseekr.o)
                0x000000000800a958                _lseek_r
 .text.memcpy   0x000000000800a97c       0x1c c:/st/stm32cubeide_1.12.0/stm32cubeide/plugins/com.st.stm32cube.ide.mcu.externaltools.gnu-tools-for-stm32.10.3-2021.10.win32_1.0.200.202301161003/tools/bin/../lib/gcc/arm-none-eabi/10.3.1/../../../../arm-none-eabi/lib/thumb/v7e-m+fp/hard\libc_nano.a(lib_a-memcpy-stub.o)
                0x000000000800a97c                memcpy
 .text.memmove  0x000000000800a998       0x34 c:/st/stm32cubeide_1.12.0/stm32cubeide/plugins/com.st.stm32cube.ide.mcu.externaltools.gnu-tools-for-stm32.10.3-2021.10.win32_1.0.200.202301161003/tools/bin/../lib/gcc/arm-none-eabi/10.3.1/../../../../arm-none-eabi/lib/thumb/v7e-m+fp/hard\libc_nano.a(lib_a-memmove.o)
                0x000000000800a998                memmove
 .text.__malloc_lock
                0x000000000800a9cc        0xc c:/st/stm32cubeide_1.12.0/stm32cubeide/plugins/com.st.stm32cube.ide.mcu.externaltools.gnu-tools-for-stm32.10.3-2021.10.win32_1.0.200.202301161003/tools/bin/../lib/gcc/arm-none-eabi/10.3.1/../../../../arm-none-eabi/lib/thumb/v7e-m+fp/hard\libc_nano.a(lib_a-mlock.o)
                0x000000000800a9cc                __malloc_lock
 .text.__malloc_unlock
                0x000000000800a9d8        0xc c:/st/stm32cubeide_1.12.0/stm32cubeide/plugins/com.st.stm32cube.ide.mcu.externaltools.gnu-tools-for-stm32.10.3-2021.10.win32_1.0.200.202301161003/tools/bin/../lib/gcc/arm-none-eabi/10.3.1/../../../../arm-none-eabi/lib/thumb/v7e-m+fp/hard\libc_nano.a(lib_a-mlock.o)
                0x000000000800a9d8                __malloc_unlock
 .text._realloc_r
                0x000000000800a9e4       0x5e c:/st/stm32cubeide_1.12.0/stm32cubeide/plugins/com.st.stm32cube.ide.mcu.externaltools.gnu-tools-for-stm32.10.3-2021.10.win32_1.0.200.202301161003/tools/bin/../lib/gcc/arm-none-eabi/10.3.1/../../../../arm-none-eabi/lib/thumb/v7e-m+fp/hard\libc_nano.a(lib_a-nano-reallocr.o)
                0x000000000800a9e4                _realloc_r
 *fill*         0x000000000800aa42        0x2 
 .text._read_r  0x000000000800aa44       0x24 c:/st/stm32cubeide_1.12.0/stm32cubeide/plugins/com.st.stm32cube.ide.mcu.externaltools.gnu-tools-for-stm32.10.3-2021.10.win32_1.0.200.202301161003/tools/bin/../lib/gcc/arm-none-eabi/10.3.1/../../../../arm-none-eabi/lib/thumb/v7e-m+fp/hard\libc_nano.a(lib_a-readr.o)
                0x000000000800aa44                _read_r
 .text._malloc_usable_size_r
                0x000000000800aa68       0x10 c:/st/stm32cubeide_1.12.0/stm32cubeide/plugins/com.st.stm32cube.ide.mcu.externaltools.gnu-tools-for-stm32.10.3-2021.10.win32_1.0.200.202301161003/tools/bin/../lib/gcc/arm-none-eabi/10.3.1/../../../../arm-none-eabi/lib/thumb/v7e-m+fp/hard\libc_nano.a(lib_a-nano-msizer.o)
                0x000000000800aa68                _malloc_usable_size_r
 *(.glue_7)
 .glue_7        0x000000000800aa78        0x0 linker stubs
 *(.glue_7t)
 .glue_7t       0x000000000800aa78        0x0 linker stubs
 *(.eh_frame)
 .eh_frame      0x000000000800aa78        0x0 c:/st/stm32cubeide_1.12.0/stm32cubeide/plugins/com.st.stm32cube.ide.mcu.externaltools.gnu-tools-for-stm32.10.3-2021.10.win32_1.0.200.202301161003/tools/bin/../lib/gcc/arm-none-eabi/10.3.1/thumb/v7e-m+fp/hard/crtbegin.o
 *(.init)
 .init          0x000000000800aa78        0x4 c:/st/stm32cubeide_1.12.0/stm32cubeide/plugins/com.st.stm32cube.ide.mcu.externaltools.gnu-tools-for-stm32.10.3-2021.10.win32_1.0.200.202301161003/tools/bin/../lib/gcc/arm-none-eabi/10.3.1/thumb/v7e-m+fp/hard/crti.o
                0x000000000800aa78                _init
 .init          0x000000000800aa7c        0x8 c:/st/stm32cubeide_1.12.0/stm32cubeide/plugins/com.st.stm32cube.ide.mcu.externaltools.gnu-tools-for-stm32.10.3-2021.10.win32_1.0.200.202301161003/tools/bin/../lib/gcc/arm-none-eabi/10.3.1/thumb/v7e-m+fp/hard/crtn.o
 *(.fini)
 .fini          0x000000000800aa84        0x4 c:/st/stm32cubeide_1.12.0/stm32cubeide/plugins/com.st.stm32cube.ide.mcu.externaltools.gnu-tools-for-stm32.10.3-2021.10.win32_1.0.200.202301161003/tools/bin/../lib/gcc/arm-none-eabi/10.3.1/thumb/v7e-m+fp/hard/crti.o
                0x000000000800aa84                _fini
 .fini          0x000000000800aa88        0x8 c:/st/stm32cubeide_1.12.0/stm32cubeide/plugins/com.st.stm32cube.ide.mcu.externaltools.gnu-tools-for-stm32.10.3-2021.10.win32_1.0.200.202301161003/tools/bin/../lib/gcc/arm-none-eabi/10.3.1/thumb/v7e-m+fp/hard/crtn.o
                0x000000000800aa90                . = ALIGN (0x4)
                0x000000000800aa90                _etext = .

.vfp11_veneer   0x000000000800aa90        0x0
 .vfp11_veneer  0x000000000800aa90        0x0 linker stubs

.v4_bx          0x000000000800aa90        0x0
 .v4_bx         0x000000000800aa90        0x0 linker stubs

.iplt           0x000000000800aa90        0x0
 .iplt          0x000000000800aa90        0x0 c:/st/stm32cubeide_1.12.0/stm32cubeide/plugins/com.st.stm32cube.ide.mcu.externaltools.gnu-tools-for-stm32.10.3-2021.10.win32_1.0.200.202301161003/tools/bin/../lib/gcc/arm-none-eabi/10.3.1/thumb/v7e-m+fp/hard/crtbegin.o

.rodata         0x000000000800aa90      0x364
                0x000000000800aa90                . = ALIGN (0x4)
 *(.rodata)
 .rodata        0x000000000800aa90       0x28 ./Core/Src/DHT11.o
 .rodata        0x000000000800aab8       0x12 ./Core/Src/button.o
 *fill*         0x000000000800aaca        0x2 
 .rodata        0x000000000800aacc       0x4d ./Core/Src/internal_rtc.o
 *fill*         0x000000000800ab19        0x3 
 .rodata        0x000000000800ab1c        0xf ./Core/Src/main.o
 *fill*         0x000000000800ab2b        0x1 
 .rodata        0x000000000800ab2c       0xf3 ./Core/Src/uart.o
 *fill*         0x000000000800ac1f        0x1 
 .rodata        0x000000000800ac20       0x1f ./Core/Src/ultrasonic.o
 *(.rodata*)
 *fill*         0x000000000800ac3f        0x1 
 .rodata.AHBPrescTable
                0x000000000800ac40       0x10 ./Core/Src/system_stm32f4xx.o
                0x000000000800ac40                AHBPrescTable
 .rodata.APBPrescTable
                0x000000000800ac50        0x8 ./Core/Src/system_stm32f4xx.o
                0x000000000800ac50                APBPrescTable
 .rodata._global_impure_ptr
                0x000000000800ac58        0x4 c:/st/stm32cubeide_1.12.0/stm32cubeide/plugins/com.st.stm32cube.ide.mcu.externaltools.gnu-tools-for-stm32.10.3-2021.10.win32_1.0.200.202301161003/tools/bin/../lib/gcc/arm-none-eabi/10.3.1/../../../../arm-none-eabi/lib/thumb/v7e-m+fp/hard\libc_nano.a(lib_a-impure.o)
                0x000000000800ac58                _global_impure_ptr
 .rodata._ctype_
                0x000000000800ac5c      0x101 c:/st/stm32cubeide_1.12.0/stm32cubeide/plugins/com.st.stm32cube.ide.mcu.externaltools.gnu-tools-for-stm32.10.3-2021.10.win32_1.0.200.202301161003/tools/bin/../lib/gcc/arm-none-eabi/10.3.1/../../../../arm-none-eabi/lib/thumb/v7e-m+fp/hard\libc_nano.a(lib_a-ctype_.o)
                0x000000000800ac5c                _ctype_
 *fill*         0x000000000800ad5d        0x3 
 .rodata.__sf_fake_stderr
                0x000000000800ad60       0x20 c:/st/stm32cubeide_1.12.0/stm32cubeide/plugins/com.st.stm32cube.ide.mcu.externaltools.gnu-tools-for-stm32.10.3-2021.10.win32_1.0.200.202301161003/tools/bin/../lib/gcc/arm-none-eabi/10.3.1/../../../../arm-none-eabi/lib/thumb/v7e-m+fp/hard\libc_nano.a(lib_a-findfp.o)
                0x000000000800ad60                __sf_fake_stderr
 .rodata.__sf_fake_stdin
                0x000000000800ad80       0x20 c:/st/stm32cubeide_1.12.0/stm32cubeide/plugins/com.st.stm32cube.ide.mcu.externaltools.gnu-tools-for-stm32.10.3-2021.10.win32_1.0.200.202301161003/tools/bin/../lib/gcc/arm-none-eabi/10.3.1/../../../../arm-none-eabi/lib/thumb/v7e-m+fp/hard\libc_nano.a(lib_a-findfp.o)
                0x000000000800ad80                __sf_fake_stdin
 .rodata.__sf_fake_stdout
                0x000000000800ada0       0x20 c:/st/stm32cubeide_1.12.0/stm32cubeide/plugins/com.st.stm32cube.ide.mcu.externaltools.gnu-tools-for-stm32.10.3-2021.10.win32_1.0.200.202301161003/tools/bin/../lib/gcc/arm-none-eabi/10.3.1/../../../../arm-none-eabi/lib/thumb/v7e-m+fp/hard\libc_nano.a(lib_a-findfp.o)
                0x000000000800ada0                __sf_fake_stdout
 .rodata._svfprintf_r.str1.1
                0x000000000800adc0       0x11 c:/st/stm32cubeide_1.12.0/stm32cubeide/plugins/com.st.stm32cube.ide.mcu.externaltools.gnu-tools-for-stm32.10.3-2021.10.win32_1.0.200.202301161003/tools/bin/../lib/gcc/arm-none-eabi/10.3.1/../../../../arm-none-eabi/lib/thumb/v7e-m+fp/hard\libc_nano.a(lib_a-nano-svfprintf.o)
 .rodata._vfprintf_r.str1.1
                0x000000000800add1       0x11 c:/st/stm32cubeide_1.12.0/stm32cubeide/plugins/com.st.stm32cube.ide.mcu.externaltools.gnu-tools-for-stm32.10.3-2021.10.win32_1.0.200.202301161003/tools/bin/../lib/gcc/arm-none-eabi/10.3.1/../../../../arm-none-eabi/lib/thumb/v7e-m+fp/hard\libc_nano.a(lib_a-nano-vfprintf.o)
 .rodata._printf_i.str1.1
                0x000000000800add1       0x22 c:/st/stm32cubeide_1.12.0/stm32cubeide/plugins/com.st.stm32cube.ide.mcu.externaltools.gnu-tools-for-stm32.10.3-2021.10.win32_1.0.200.202301161003/tools/bin/../lib/gcc/arm-none-eabi/10.3.1/../../../../arm-none-eabi/lib/thumb/v7e-m+fp/hard\libc_nano.a(lib_a-nano-vfprintf_i.o)
                0x000000000800adf4                . = ALIGN (0x4)
 *fill*         0x000000000800adf3        0x1 

.ARM.extab      0x000000000800adf4        0x0
                0x000000000800adf4                . = ALIGN (0x4)
 *(.ARM.extab* .gnu.linkonce.armextab.*)
                0x000000000800adf4                . = ALIGN (0x4)

.ARM            0x000000000800adf4        0x8
                0x000000000800adf4                . = ALIGN (0x4)
                0x000000000800adf4                __exidx_start = .
 *(.ARM.exidx*)
 .ARM.exidx     0x000000000800adf4        0x8 c:/st/stm32cubeide_1.12.0/stm32cubeide/plugins/com.st.stm32cube.ide.mcu.externaltools.gnu-tools-for-stm32.10.3-2021.10.win32_1.0.200.202301161003/tools/bin/../lib/gcc/arm-none-eabi/10.3.1/thumb/v7e-m+fp/hard\libgcc.a(_udivmoddi4.o)
                0x000000000800adfc                __exidx_end = .
                0x000000000800adfc                . = ALIGN (0x4)

.rel.dyn        0x000000000800adfc        0x0
 .rel.iplt      0x000000000800adfc        0x0 c:/st/stm32cubeide_1.12.0/stm32cubeide/plugins/com.st.stm32cube.ide.mcu.externaltools.gnu-tools-for-stm32.10.3-2021.10.win32_1.0.200.202301161003/tools/bin/../lib/gcc/arm-none-eabi/10.3.1/thumb/v7e-m+fp/hard/crtbegin.o

.preinit_array  0x000000000800adfc        0x0
                0x000000000800adfc                . = ALIGN (0x4)
                0x000000000800adfc                PROVIDE (__preinit_array_start = .)
 *(.preinit_array*)
                0x000000000800adfc                PROVIDE (__preinit_array_end = .)
                0x000000000800adfc                . = ALIGN (0x4)

.init_array     0x000000000800adfc        0x4
                0x000000000800adfc                . = ALIGN (0x4)
                0x000000000800adfc                PROVIDE (__init_array_start = .)
 *(SORT_BY_NAME(.init_array.*))
 *(.init_array*)
 .init_array    0x000000000800adfc        0x4 c:/st/stm32cubeide_1.12.0/stm32cubeide/plugins/com.st.stm32cube.ide.mcu.externaltools.gnu-tools-for-stm32.10.3-2021.10.win32_1.0.200.202301161003/tools/bin/../lib/gcc/arm-none-eabi/10.3.1/thumb/v7e-m+fp/hard/crtbegin.o
                0x000000000800ae00                PROVIDE (__init_array_end = .)
                0x000000000800ae00                . = ALIGN (0x4)

.fini_array     0x000000000800ae00        0x4
                0x000000000800ae00                . = ALIGN (0x4)
                [!provide]                        PROVIDE (__fini_array_start = .)
 *(SORT_BY_NAME(.fini_array.*))
 *(.fini_array*)
 .fini_array    0x000000000800ae00        0x4 c:/st/stm32cubeide_1.12.0/stm32cubeide/plugins/com.st.stm32cube.ide.mcu.externaltools.gnu-tools-for-stm32.10.3-2021.10.win32_1.0.200.202301161003/tools/bin/../lib/gcc/arm-none-eabi/10.3.1/thumb/v7e-m+fp/hard/crtbegin.o
                [!provide]                        PROVIDE (__fini_array_end = .)
                0x000000000800ae04                . = ALIGN (0x4)
                0x000000000800ae04                _sidata = LOADADDR (.data)

.data           0x0000000020000000       0x80 load address 0x000000000800ae04
                0x0000000020000000                . = ALIGN (0x4)
                0x0000000020000000                _sdata = .
 *(.data)
 *(.data*)
 .data.DHT11_print_flag
                0x0000000020000000        0x4 ./Core/Src/DHT11.o
                0x0000000020000000                DHT11_print_flag
 .data.dht11time
                0x0000000020000004        0x4 ./Core/Src/DHT11.o
                0x0000000020000004                dht11time
 .data.button_status
                0x0000000020000008        0x5 ./Core/Src/button.o
                0x0000000020000008                button_status
 *fill*         0x000000002000000d        0x3 
 .data.SystemCoreClock
                0x0000000020000010        0x4 ./Core/Src/system_stm32f4xx.o
                0x0000000020000010                SystemCoreClock
 .data.uwTickPrio
                0x0000000020000014        0x4 ./Drivers/STM32F4xx_HAL_Driver/Src/stm32f4xx_hal.o
                0x0000000020000014                uwTickPrio
 .data.uwTickFreq
                0x0000000020000018        0x1 ./Drivers/STM32F4xx_HAL_Driver/Src/stm32f4xx_hal.o
                0x0000000020000018                uwTickFreq
 *fill*         0x0000000020000019        0x3 
 .data._impure_ptr
                0x000000002000001c        0x4 c:/st/stm32cubeide_1.12.0/stm32cubeide/plugins/com.st.stm32cube.ide.mcu.externaltools.gnu-tools-for-stm32.10.3-2021.10.win32_1.0.200.202301161003/tools/bin/../lib/gcc/arm-none-eabi/10.3.1/../../../../arm-none-eabi/lib/thumb/v7e-m+fp/hard\libc_nano.a(lib_a-impure.o)
                0x000000002000001c                _impure_ptr
 .data.impure_data
                0x0000000020000020       0x60 c:/st/stm32cubeide_1.12.0/stm32cubeide/plugins/com.st.stm32cube.ide.mcu.externaltools.gnu-tools-for-stm32.10.3-2021.10.win32_1.0.200.202301161003/tools/bin/../lib/gcc/arm-none-eabi/10.3.1/../../../../arm-none-eabi/lib/thumb/v7e-m+fp/hard\libc_nano.a(lib_a-impure.o)
 *(.RamFunc)
 *(.RamFunc*)
                0x0000000020000080                . = ALIGN (0x4)
                0x0000000020000080                _edata = .
                0x000000000800ae84                _siccmram = LOADADDR (.ccmram)

.igot.plt       0x0000000020000080        0x0 load address 0x000000000800ae84
 .igot.plt      0x0000000020000080        0x0 c:/st/stm32cubeide_1.12.0/stm32cubeide/plugins/com.st.stm32cube.ide.mcu.externaltools.gnu-tools-for-stm32.10.3-2021.10.win32_1.0.200.202301161003/tools/bin/../lib/gcc/arm-none-eabi/10.3.1/thumb/v7e-m+fp/hard/crtbegin.o

.ccmram         0x0000000010000000        0x0 load address 0x000000000800ae84
                0x0000000010000000                . = ALIGN (0x4)
                0x0000000010000000                _sccmram = .
 *(.ccmram)
 *(.ccmram*)
                0x0000000010000000                . = ALIGN (0x4)
                0x0000000010000000                _eccmram = .
                0x0000000010000000                . = ALIGN (0x4)

.bss            0x0000000020000080      0xd9c
                0x0000000020000080                _sbss = .
                0x0000000020000080                __bss_start__ = _sbss
 *(.bss)
 .bss           0x0000000020000080       0x1c c:/st/stm32cubeide_1.12.0/stm32cubeide/plugins/com.st.stm32cube.ide.mcu.externaltools.gnu-tools-for-stm32.10.3-2021.10.win32_1.0.200.202301161003/tools/bin/../lib/gcc/arm-none-eabi/10.3.1/thumb/v7e-m+fp/hard/crtbegin.o
 *(.bss*)
 .bss.lcd_display_mode_flag
                0x000000002000009c        0x1 ./Core/Src/button.o
                0x000000002000009c                lcd_display_mode_flag
 *fill*         0x000000002000009d        0x3 
 .bss.sTime     0x00000000200000a0       0x14 ./Core/Src/internal_rtc.o
                0x00000000200000a0                sTime
 .bss.sDate     0x00000000200000b4        0x4 ./Core/Src/internal_rtc.o
                0x00000000200000b4                sDate
 .bss.mTime     0x00000000200000b8       0x14 ./Core/Src/internal_rtc.o
                0x00000000200000b8                mTime
 .bss.oldTime.3
                0x00000000200000cc       0x14 ./Core/Src/internal_rtc.o
 .bss.hh.2      0x00000000200000e0        0x1 ./Core/Src/internal_rtc.o
 .bss.min.1     0x00000000200000e1        0x1 ./Core/Src/internal_rtc.o
 .bss.ss.0      0x00000000200000e2        0x1 ./Core/Src/internal_rtc.o
 *fill*         0x00000000200000e3        0x1 
 .bss.TxConfig  0x00000000200000e4       0x38 ./Core/Src/main.o
                0x00000000200000e4                TxConfig
 .bss.DMARxDscrTab
                0x000000002000011c       0xa0 ./Core/Src/main.o
                0x000000002000011c                DMARxDscrTab
 .bss.DMATxDscrTab
                0x00000000200001bc       0xa0 ./Core/Src/main.o
                0x00000000200001bc                DMATxDscrTab
 .bss.heth      0x000000002000025c       0xb0 ./Core/Src/main.o
                0x000000002000025c                heth
 .bss.hi2c1     0x000000002000030c       0x54 ./Core/Src/main.o
                0x000000002000030c                hi2c1
 .bss.hrtc      0x0000000020000360       0x20 ./Core/Src/main.o
                0x0000000020000360                hrtc
 .bss.htim2     0x0000000020000380       0x48 ./Core/Src/main.o
                0x0000000020000380                htim2
 .bss.htim3     0x00000000200003c8       0x48 ./Core/Src/main.o
                0x00000000200003c8                htim3
 .bss.htim4     0x0000000020000410       0x48 ./Core/Src/main.o
                0x0000000020000410                htim4
 .bss.htim10    0x0000000020000458       0x48 ./Core/Src/main.o
                0x0000000020000458                htim10
 .bss.htim11    0x00000000200004a0       0x48 ./Core/Src/main.o
                0x00000000200004a0                htim11
 .bss.huart3    0x00000000200004e8       0x44 ./Core/Src/main.o
                0x00000000200004e8                huart3
 .bss.huart6    0x000000002000052c       0x44 ./Core/Src/main.o
                0x000000002000052c                huart6
 .bss.hpcd_USB_OTG_FS
                0x0000000020000570      0x50c ./Core/Src/main.o
                0x0000000020000570                hpcd_USB_OTG_FS
 .bss.rx_data   0x0000000020000a7c        0x1 ./Core/Src/main.o
                0x0000000020000a7c                rx_data
 .bss.bt_rx_data
                0x0000000020000a7d        0x1 ./Core/Src/main.o
                0x0000000020000a7d                bt_rx_data
 *fill*         0x0000000020000a7e        0x2 
 .bss.t1ms_count
                0x0000000020000a80        0x4 ./Core/Src/main.o
                0x0000000020000a80                t1ms_count
 .bss.TIM10_10ms_counter
                0x0000000020000a84        0x4 ./Core/Src/main.o
                0x0000000020000a84                TIM10_10ms_counter
 .bss.TIM10_10ms_ultrasonic
                0x0000000020000a88        0x4 ./Core/Src/main.o
                0x0000000020000a88                TIM10_10ms_ultrasonic
 .bss.MACAddr.0
                0x0000000020000a8c        0x6 ./Core/Src/main.o
 *fill*         0x0000000020000a92        0x2 
 .bss.__sbrk_heap_end
                0x0000000020000a94        0x4 ./Core/Src/sysmem.o
 .bss.rx_queue  0x0000000020000a98      0x320 ./Core/Src/uart.o
                0x0000000020000a98                rx_queue
 .bss.rx_index  0x0000000020000db8        0x4 ./Core/Src/uart.o
                0x0000000020000db8                rx_index
 .bss.bt_rx_buff
                0x0000000020000dbc       0x28 ./Core/Src/uart.o
                0x0000000020000dbc                bt_rx_buff
 .bss.bt_rx_index
                0x0000000020000de4        0x4 ./Core/Src/uart.o
                0x0000000020000de4                bt_rx_index
 .bss.bt_newline_detect_flag
                0x0000000020000de8        0x4 ./Core/Src/uart.o
                0x0000000020000de8                bt_newline_detect_flag
 .bss.rear      0x0000000020000dec        0x4 ./Core/Src/uart.o
                0x0000000020000dec                rear
 .bss.front     0x0000000020000df0        0x4 ./Core/Src/uart.o
                0x0000000020000df0                front
 .bss.dht11_flag
                0x0000000020000df4        0x4 ./Core/Src/uart.o
                0x0000000020000df4                dht11_flag
 .bss.ultra_flag
                0x0000000020000df8        0x4 ./Core/Src/uart.o
                0x0000000020000df8                ultra_flag
 .bss.distance  0x0000000020000dfc        0x4 ./Core/Src/ultrasonic.o
                0x0000000020000dfc                distance
 .bss.ic_cpt_finish_flag
                0x0000000020000e00        0x4 ./Core/Src/ultrasonic.o
                0x0000000020000e00                ic_cpt_finish_flag
 .bss.is_first_capture
                0x0000000020000e04        0x1 ./Core/Src/ultrasonic.o
                0x0000000020000e04                is_first_capture
 *fill*         0x0000000020000e05        0x3 
 .bss.uwTick    0x0000000020000e08        0x4 ./Drivers/STM32F4xx_HAL_Driver/Src/stm32f4xx_hal.o
                0x0000000020000e08                uwTick
 .bss.__lock___malloc_recursive_mutex
                0x0000000020000e0c        0x1 c:/st/stm32cubeide_1.12.0/stm32cubeide/plugins/com.st.stm32cube.ide.mcu.externaltools.gnu-tools-for-stm32.10.3-2021.10.win32_1.0.200.202301161003/tools/bin/../lib/gcc/arm-none-eabi/10.3.1/../../../../arm-none-eabi/lib/thumb/v7e-m+fp/hard\libc_nano.a(lib_a-lock.o)
                0x0000000020000e0c                __lock___malloc_recursive_mutex
 .bss.__lock___sfp_recursive_mutex
                0x0000000020000e0d        0x1 c:/st/stm32cubeide_1.12.0/stm32cubeide/plugins/com.st.stm32cube.ide.mcu.externaltools.gnu-tools-for-stm32.10.3-2021.10.win32_1.0.200.202301161003/tools/bin/../lib/gcc/arm-none-eabi/10.3.1/../../../../arm-none-eabi/lib/thumb/v7e-m+fp/hard\libc_nano.a(lib_a-lock.o)
                0x0000000020000e0d                __lock___sfp_recursive_mutex
 .bss.__lock___sinit_recursive_mutex
                0x0000000020000e0e        0x1 c:/st/stm32cubeide_1.12.0/stm32cubeide/plugins/com.st.stm32cube.ide.mcu.externaltools.gnu-tools-for-stm32.10.3-2021.10.win32_1.0.200.202301161003/tools/bin/../lib/gcc/arm-none-eabi/10.3.1/../../../../arm-none-eabi/lib/thumb/v7e-m+fp/hard\libc_nano.a(lib_a-lock.o)
                0x0000000020000e0e                __lock___sinit_recursive_mutex
 *fill*         0x0000000020000e0f        0x1 
 .bss.__malloc_free_list
                0x0000000020000e10        0x4 c:/st/stm32cubeide_1.12.0/stm32cubeide/plugins/com.st.stm32cube.ide.mcu.externaltools.gnu-tools-for-stm32.10.3-2021.10.win32_1.0.200.202301161003/tools/bin/../lib/gcc/arm-none-eabi/10.3.1/../../../../arm-none-eabi/lib/thumb/v7e-m+fp/hard\libc_nano.a(lib_a-nano-mallocr.o)
                0x0000000020000e10                __malloc_free_list
 .bss.__malloc_sbrk_start
                0x0000000020000e14        0x4 c:/st/stm32cubeide_1.12.0/stm32cubeide/plugins/com.st.stm32cube.ide.mcu.externaltools.gnu-tools-for-stm32.10.3-2021.10.win32_1.0.200.202301161003/tools/bin/../lib/gcc/arm-none-eabi/10.3.1/../../../../arm-none-eabi/lib/thumb/v7e-m+fp/hard\libc_nano.a(lib_a-nano-mallocr.o)
                0x0000000020000e14                __malloc_sbrk_start
 .bss.errno     0x0000000020000e18        0x4 c:/st/stm32cubeide_1.12.0/stm32cubeide/plugins/com.st.stm32cube.ide.mcu.externaltools.gnu-tools-for-stm32.10.3-2021.10.win32_1.0.200.202301161003/tools/bin/../lib/gcc/arm-none-eabi/10.3.1/../../../../arm-none-eabi/lib/thumb/v7e-m+fp/hard\libc_nano.a(lib_a-reent.o)
                0x0000000020000e18                errno
 *(COMMON)
                0x0000000020000e1c                . = ALIGN (0x4)
                0x0000000020000e1c                _ebss = .
                0x0000000020000e1c                __bss_end__ = _ebss

._user_heap_stack
                0x0000000020000e1c      0x604
                0x0000000020000e20                . = ALIGN (0x8)
 *fill*         0x0000000020000e1c        0x4 
                [!provide]                        PROVIDE (end = .)
                0x0000000020000e20                PROVIDE (_end = .)
                0x0000000020001020                . = (. + _Min_Heap_Size)
 *fill*         0x0000000020000e20      0x200 
                0x0000000020001420                . = (. + _Min_Stack_Size)
 *fill*         0x0000000020001020      0x400 
                0x0000000020001420                . = ALIGN (0x8)

/DISCARD/
 libc.a(*)
 libm.a(*)
 libgcc.a(*)

.ARM.attributes
                0x0000000000000000       0x30
 *(.ARM.attributes)
 .ARM.attributes
                0x0000000000000000       0x1e c:/st/stm32cubeide_1.12.0/stm32cubeide/plugins/com.st.stm32cube.ide.mcu.externaltools.gnu-tools-for-stm32.10.3-2021.10.win32_1.0.200.202301161003/tools/bin/../lib/gcc/arm-none-eabi/10.3.1/thumb/v7e-m+fp/hard/crti.o
 .ARM.attributes
                0x000000000000001e       0x34 c:/st/stm32cubeide_1.12.0/stm32cubeide/plugins/com.st.stm32cube.ide.mcu.externaltools.gnu-tools-for-stm32.10.3-2021.10.win32_1.0.200.202301161003/tools/bin/../lib/gcc/arm-none-eabi/10.3.1/thumb/v7e-m+fp/hard/crtbegin.o
 .ARM.attributes