../Core/Src/main.c:106:6:HAL_SYSTICK_Handler	4	static
../Core/Src/main.c:113:6:HAL_TIM_PeriodElapsedCallback	16	static
../Core/Src/main.c:122:6:delay_us	16	static
../Core/Src/main.c:142:1:__io_putchar	16	static
../Core/Src/main.c:162:5:main	8	static
../Core/Src/main.c:241:6:SystemClock_Config	88	static
../Core/Src/main.c:287:13:MX_ETH_Init	8	static
../Core/Src/main.c:336:13:MX_I2C1_Init	8	static
../Core/Src/main.c:384:13:MX_TIM2_Init	48	static
../Core/Src/main.c:433:13:MX_TIM3_Init	48	static
../Core/Src/main.c:491:13:MX_TIM4_Init	64	static
../Core/Src/main.c:550:13:MX_TIM10_Init	8	static
../Core/Src/main.c:581:13:MX_TIM11_Init	8	static
../Core/Src/main.c:612:13:MX_USART3_UART_Init	8	static
../Core/Src/main.c:645:13:MX_USART6_UART_Init	8	static
../Core/Src/main.c:678:13:MX_USB_OTG_FS_PCD_Init	8	static
../Core/Src/main.c:713:13:MX_GPIO_Init	64	static
../Core/Src/main.c:822:6:Error_Handler	4	static,ignoring_inline_asm
