../Core/Src/main.c:111:6:HAL_SYSTICK_Handler	4	static
../Core/Src/main.c:118:6:HAL_TIM_PeriodElapsedCallback	16	static
../Core/Src/main.c:127:6:delay_us	16	static
../Core/Src/main.c:147:1:__io_putchar	16	static
../Core/Src/main.c:167:5:main	8	static
../Core/Src/main.c:254:6:SystemClock_Config	88	static
../Core/Src/main.c:301:13:MX_ETH_Init	8	static
../Core/Src/main.c:350:13:MX_I2C1_Init	8	static
../Core/Src/main.c:398:13:MX_RTC_Init	32	static
../Core/Src/main.c:461:13:MX_TIM2_Init	48	static
../Core/Src/main.c:510:13:MX_TIM3_Init	48	static
../Core/Src/main.c:568:13:MX_TIM4_Init	64	static
../Core/Src/main.c:627:13:MX_TIM10_Init	8	static
../Core/Src/main.c:658:13:MX_TIM11_Init	8	static
../Core/Src/main.c:689:13:MX_USART3_UART_Init	8	static
../Core/Src/main.c:722:13:MX_USART6_UART_Init	8	static
../Core/Src/main.c:755:13:MX_USB_OTG_FS_PCD_Init	8	static
../Core/Src/main.c:790:13:MX_GPIO_Init	64	static
../Core/Src/main.c:899:6:Error_Handler	4	static,ignoring_inline_asm
