../Core/Src/main.c:81:6:HAL_SYSTICK_Handler	4	static
../Core/Src/main.c:99:1:__io_putchar	16	static
../Core/Src/main.c:114:5:main	8	static
../Core/Src/main.c:170:6:SystemClock_Config	88	static
../Core/Src/main.c:216:13:MX_ETH_Init	8	static
../Core/Src/main.c:265:13:MX_USART3_UART_Init	8	static
../Core/Src/main.c:298:13:MX_USART6_UART_Init	8	static
../Core/Src/main.c:331:13:MX_USB_OTG_FS_PCD_Init	8	static
../Core/Src/main.c:366:13:MX_GPIO_Init	56	static
../Core/Src/main.c:444:6:Error_Handler	4	static,ignoring_inline_asm
