../Core/Src/main.c:115:6:HAL_SYSTICK_Handler	4	static
../Core/Src/main.c:122:6:HAL_TIM_PeriodElapsedCallback	16	static
../Core/Src/main.c:131:6:delay_us	16	static
../Core/Src/main.c:151:1:__io_putchar	16	static
../Core/Src/main.c:171:5:main	8	static
../Core/Src/main.c:261:6:SystemClock_Config	88	static
../Core/Src/main.c:308:13:MX_ETH_Init	8	static
../Core/Src/main.c:357:13:MX_I2C1_Init	8	static
../Core/Src/main.c:405:13:MX_RTC_Init	32	static
../Core/Src/main.c:468:13:MX_TIM2_Init	48	static
../Core/Src/main.c:517:13:MX_TIM3_Init	48	static
../Core/Src/main.c:575:13:MX_TIM4_Init	64	static
../Core/Src/main.c:634:13:MX_TIM5_Init	64	static
../Core/Src/main.c:693:13:MX_TIM10_Init	8	static
../Core/Src/main.c:724:13:MX_TIM11_Init	8	static
../Core/Src/main.c:755:13:MX_USART3_UART_Init	8	static
../Core/Src/main.c:788:13:MX_USART6_UART_Init	8	static
../Core/Src/main.c:821:13:MX_USB_OTG_FS_PCD_Init	8	static
../Core/Src/main.c:856:13:MX_GPIO_Init	64	static
../Core/Src/main.c:981:6:Error_Handler	4	static,ignoring_inline_asm
