../Core/Src/main.c:105:6:HAL_SYSTICK_Handler	4	static
../Core/Src/main.c:112:6:HAL_TIM_PeriodElapsedCallback	16	static
../Core/Src/main.c:121:6:delay_us	16	static
../Core/Src/main.c:141:1:__io_putchar	16	static
../Core/Src/main.c:161:5:main	8	static
../Core/Src/main.c:240:6:SystemClock_Config	88	static
../Core/Src/main.c:286:13:MX_ETH_Init	8	static
../Core/Src/main.c:335:13:MX_I2C1_Init	8	static
../Core/Src/main.c:383:13:MX_TIM2_Init	48	static
../Core/Src/main.c:432:13:MX_TIM3_Init	48	static
../Core/Src/main.c:490:13:MX_TIM4_Init	64	static
../Core/Src/main.c:549:13:MX_TIM10_Init	8	static
../Core/Src/main.c:580:13:MX_TIM11_Init	8	static
../Core/Src/main.c:611:13:MX_USART3_UART_Init	8	static
../Core/Src/main.c:644:13:MX_USART6_UART_Init	8	static
../Core/Src/main.c:677:13:MX_USB_OTG_FS_PCD_Init	8	static
../Core/Src/main.c:712:13:MX_GPIO_Init	64	static
../Core/Src/main.c:821:6:Error_Handler	4	static,ignoring_inline_asm
