10:16:39 **** Incremental Build of configuration Debug for project test ****
make -j24 all 
arm-none-eabi-gcc "../Core/Src/main.c" -mcpu=cortex-m4 -std=gnu11 -g3 -DDEBUG -DUSE_HAL_DRIVER -DSTM32F429xx -c -I../Core/Inc -IC:/Users/USER/STM32Cube/Repository/STM32Cube_FW_F4_V1.27.1/Drivers/STM32F4xx_HAL_Driver/Inc -IC:/Users/USER/STM32Cube/Repository/STM32Cube_FW_F4_V1.27.1/Drivers/STM32F4xx_HAL_Driver/Inc/Legacy -IC:/Users/USER/STM32Cube/Repository/STM32Cube_FW_F4_V1.27.1/Drivers/CMSIS/Device/ST/STM32F4xx/Include -IC:/Users/USER/STM32Cube/Repository/STM32Cube_FW_F4_V1.27.1/Drivers/CMSIS/Include -O0 -ffunction-sections -fdata-sections -Wall -fstack-usage -fcyclomatic-complexity -MMD -MP -MF"Core/Src/main.d" -MT"Core/Src/main.o" --specs=nano.specs -mfpu=fpv4-sp-d16 -mfloat-abi=hard -mthumb -o "Core/Src/main.o"
arm-none-eabi-gcc -o "test.elf" @"objects.list"   -mcpu=cortex-m4 -T"D:\gyuwon\source\STM32F429ZI\test\STM32F429ZITX_FLASH.ld" --specs=nosys.specs -Wl,-Map="test.map" -Wl,--gc-sections -static --specs=nano.specs -mfpu=fpv4-sp-d16 -mfloat-abi=hard -mthumb -Wl,--start-group -lc -lm -Wl,--end-group
Finished building target: test.elf
 
arm-none-eabi-size   test.elf 
arm-none-eabi-objdump -h -S  test.elf  > "test.list"
   text	   data	    bss	    dec	    hex	filename
  12732	     20	   3492	  16244	   3f74	test.elf
Finished building: default.size.stdout
 
Finished building: test.list
 

10:16:40 Build Finished. 0 errors, 0 warnings. (took 391ms)

